Component: ARM Compiler 5.06 update 7 (build 960) Tool: armlink [4d3601]

==============================================================================

Section Cross References

    startup_lpc17xx.o(STACK) refers (Special) to heapauxi.o(.text) for __use_two_region_memory
    startup_lpc17xx.o(HEAP) refers (Special) to heapauxi.o(.text) for __use_two_region_memory
    startup_lpc17xx.o(RESET) refers (Special) to heapauxi.o(.text) for __use_two_region_memory
    startup_lpc17xx.o(RESET) refers to startup_lpc17xx.o(STACK) for __initial_sp
    startup_lpc17xx.o(RESET) refers to startup_lpc17xx.o(.text) for Reset_Handler
    startup_lpc17xx.o(RESET) refers to irq_timer.o(.text) for TIMER0_IRQHandler
    startup_lpc17xx.o(RESET) refers to irq_adc.o(.text) for ADC_IRQHandler
    startup_lpc17xx.o(RESET) refers to irq_rit.o(.text) for RIT_IRQHandler
    startup_lpc17xx.o(.ARM.__at_0x02FC) refers (Special) to heapauxi.o(.text) for __use_two_region_memory
    startup_lpc17xx.o(.text) refers (Special) to heapauxi.o(.text) for __use_two_region_memory
    startup_lpc17xx.o(.text) refers to __main.o(!!!main) for __main
    startup_lpc17xx.o(.text) refers to startup_lpc17xx.o(HEAP) for Heap_Mem
    startup_lpc17xx.o(.text) refers to startup_lpc17xx.o(STACK) for Stack_Mem
    sample.o(.text) refers to system_lpc17xx.o(.text) for SystemInit
    sample.o(.text) refers to lib_adc.o(.text) for ADC_init
    sample.o(.text) refers to glcd.o(.text) for LCD_Initialization
    sample.o(.text) refers to touchpanel.o(.text) for TP_Init
    sample.o(.text) refers to gui.o(.text) for draw_default_screen
    sample.o(.text) refers to lib_joystick.o(.text) for joystick_init
    sample.o(.text) refers to lib_timer.o(.text) for init_timer
    my_drawings.o(.text) refers to glcd.o(.text) for LCD_SetPoint
    gui.o(.text) refers to _printf_pad.o(.text) for _printf_pre_padding
    gui.o(.text) refers to _printf_percent.o(.ARM.Collect$$_printf_percent$$00000000) for _printf_percent
    gui.o(.text) refers to _printf_d.o(.ARM.Collect$$_printf_percent$$00000009) for _printf_d
    gui.o(.text) refers to _printf_dec.o(.text) for _printf_int_dec
    gui.o(.text) refers to dflt_clz.o(x$fpl$dflt) for __aeabi_i2d
    gui.o(.text) refers to daddsub_clz.o(x$fpl$dsub) for __aeabi_dsub
    gui.o(.text) refers to dmul.o(x$fpl$dmul) for __aeabi_dmul
    gui.o(.text) refers to dfixu.o(x$fpl$dfixu) for __aeabi_d2uiz
    gui.o(.text) refers to my_drawings.o(.text) for make_drawing
    gui.o(.text) refers to daddsub_clz.o(x$fpl$dadd) for __aeabi_dadd
    gui.o(.text) refers to my_drawings.o(.constdata) for ball_full
    gui.o(.text) refers to noretval__2snprintf.o(.text) for __2snprintf
    gui.o(.text) refers to glcd.o(.text) for GUI_Text
    audio.o(.text) refers to irq_rit.o(.text) for setSilent
    audio.o(.text) refers to lib_rit.o(.text) for init_RIT
    system_lpc17xx.o(.text) refers to system_lpc17xx.o(.data) for SystemFrequency
    irq_timer.o(.text) refers to gui.o(.text) for draw_candies
    irq_timer.o(.text) refers to lib_timer.o(.text) for disable_timer
    irq_timer.o(.text) refers to lib_adc.o(.text) for ADC_start_conversion
    irq_timer.o(.text) refers to irq_rit.o(.text) for getVolume
    irq_timer.o(.text) refers to f2d.o(x$fpl$f2d) for __aeabi_f2d
    irq_timer.o(.text) refers to dleqf.o(x$fpl$dleqf) for __aeabi_cdcmple
    irq_timer.o(.text) refers to audio.o(.text) for playNote
    irq_timer.o(.text) refers to touchpanel.o(.text) for Read_Ads7846
    irq_timer.o(.text) refers to irq_timer.o(.data) for satiety
    irq_timer.o(.text) refers to touchpanel.o(.bss) for matrix
    irq_timer.o(.text) refers to touchpanel.o(.data) for display
    asciilib.o(.text) refers to rt_memcpy_v6.o(.text) for __aeabi_memcpy
    asciilib.o(.text) refers to asciilib.o(.constdata) for AsciiLib
    glcd.o(.text) refers to glcd.o(.data) for LCD_Code
    glcd.o(.text) refers to asciilib.o(.text) for GetASCIICode
    hzlib.o(.text) refers to rt_memcpy_v6.o(.text) for __aeabi_memcpy
    hzlib.o(.text) refers to hzlib.o(.constdata) for HzLib
    touchpanel.o(.text) refers to glcd.o(.text) for LCD_SetPoint
    touchpanel.o(.text) refers to rt_memclr_w.o(.text) for __aeabi_memclr4
    touchpanel.o(.text) refers to dflt_clz.o(x$fpl$dflt) for __aeabi_i2d
    touchpanel.o(.text) refers to deqf.o(x$fpl$deqf) for __aeabi_cdcmpeq
    touchpanel.o(.text) refers to dflt_clz.o(x$fpl$dfltu) for __aeabi_ui2d
    touchpanel.o(.text) refers to dmul.o(x$fpl$dmul) for __aeabi_dmul
    touchpanel.o(.text) refers to daddsub_clz.o(x$fpl$dadd) for __aeabi_dadd
    touchpanel.o(.text) refers to ddiv.o(x$fpl$ddiv) for __aeabi_ddiv
    touchpanel.o(.text) refers to dfixu.o(x$fpl$dfixu) for __aeabi_d2uiz
    touchpanel.o(.text) refers to touchpanel.o(.data) for screen
    touchpanel.o(.text) refers to touchpanel.o(.bss) for ScreenSample
    irq_rit.o(.text) refers to fflt_clz.o(x$fpl$fflt) for __aeabi_i2f
[...]
    rtexit.o(.ARM.exidx) refers to rtexit.o(.ARM.Collect$$rtexit$$00000000) for .ARM.Collect$$rtexit$$00000000
    libinit2.o(.ARM.Collect$$libinit$$00000010) refers to libinit2.o(.ARM.Collect$$libinit$$0000000F) for .ARM.Collect$$libinit$$0000000F
    libinit2.o(.ARM.Collect$$libinit$$00000012) refers to libinit2.o(.ARM.Collect$$libinit$$0000000F) for .ARM.Collect$$libinit$$0000000F
    libinit2.o(.ARM.Collect$$libinit$$00000014) refers to libinit2.o(.ARM.Collect$$libinit$$0000000F) for .ARM.Collect$$libinit$$0000000F
    libinit2.o(.ARM.Collect$$libinit$$00000016) refers to libinit2.o(.ARM.Collect$$libinit$$0000000F) for .ARM.Collect$$libinit$$0000000F
    libinit2.o(.ARM.Collect$$libinit$$00000018) refers to libinit2.o(.ARM.Collect$$libinit$$0000000F) for .ARM.Collect$$libinit$$0000000F
    libinit2.o(.ARM.Collect$$libinit$$00000026) refers to argv_veneer.o(.emb_text) for __ARM_argv_veneer
    libinit2.o(.ARM.Collect$$libinit$$00000027) refers to argv_veneer.o(.emb_text) for __ARM_argv_veneer
    rtexit2.o(.ARM.Collect$$rtexit$$00000003) refers to libshutdown.o(.ARM.Collect$$libshutdown$$00000000) for __rt_lib_shutdown
    rtexit2.o(.ARM.Collect$$rtexit$$00000004) refers to sys_exit.o(.text) for _sys_exit
    rtexit2.o(.ARM.exidx) refers to rtexit2.o(.ARM.Collect$$rtexit$$00000001) for .ARM.Collect$$rtexit$$00000001
    rtexit2.o(.ARM.exidx) refers to rtexit2.o(.ARM.Collect$$rtexit$$00000003) for .ARM.Collect$$rtexit$$00000003
    rtexit2.o(.ARM.exidx) refers to rtexit2.o(.ARM.Collect$$rtexit$$00000004) for .ARM.Collect$$rtexit$$00000004
    argv_veneer.o(.emb_text) refers to no_argv.o(.text) for __ARM_get_argv
    sys_exit.o(.text) refers (Special) to use_no_semi.o(.text) for __I$use$semihosting
    sys_exit.o(.text) refers (Special) to indicate_semi.o(.text) for __semihosting_library_function
    _get_argv_nomalloc.o(.text) refers (Special) to hrguard.o(.text) for __heap_region$guard
    _get_argv_nomalloc.o(.text) refers to defsig_rtmem_outer.o(.text) for __rt_SIGRTMEM
    _get_argv_nomalloc.o(.text) refers to sys_command.o(.text) for _sys_command_string
    libshutdown.o(.ARM.Collect$$libshutdown$$00000000) refers (Special) to libshutdown2.o(.ARM.Collect$$libshutdown$$00000004) for __rt_lib_shutdown_cpp_1
    libshutdown.o(.ARM.Collect$$libshutdown$$00000000) refers (Special) to libshutdown2.o(.ARM.Collect$$libshutdown$$00000002) for __rt_lib_shutdown_fini_1
    libshutdown.o(.ARM.Collect$$libshutdown$$00000000) refers (Special) to libshutdown2.o(.ARM.Collect$$libshutdown$$00000009) for __rt_lib_shutdown_fp_trap_1
    libshutdown.o(.ARM.Collect$$libshutdown$$00000000) refers (Special) to libshutdown2.o(.ARM.Collect$$libshutdown$$00000011) for __rt_lib_shutdown_heap_1
    libshutdown.o(.ARM.Collect$$libshutdown$$00000000) refers (Special) to libshutdown2.o(.ARM.Collect$$libshutdown$$00000012) for __rt_lib_shutdown_return
    libshutdown.o(.ARM.Collect$$libshutdown$$00000000) refers (Special) to libshutdown2.o(.ARM.Collect$$libshutdown$$0000000C) for __rt_lib_shutdown_signal_1
    libshutdown.o(.ARM.Collect$$libshutdown$$00000000) refers (Special) to libshutdown2.o(.ARM.Collect$$libshutdown$$00000006) for __rt_lib_shutdown_stdio_1
    libshutdown.o(.ARM.Collect$$libshutdown$$00000000) refers (Special) to libshutdown2.o(.ARM.Collect$$libshutdown$$0000000E) for __rt_lib_shutdown_user_alloc_1
    sys_command.o(.text) refers (Special) to use_no_semi.o(.text) for __I$use$semihosting
    sys_command.o(.text) refers (Special) to indicate_semi.o(.text) for __semihosting_library_function
    defsig_rtmem_outer.o(.text) refers to defsig_rtmem_inner.o(.text) for __rt_SIGRTMEM_inner
    defsig_rtmem_outer.o(.text) refers to defsig_exit.o(.text) for __sig_exit
    defsig_rtmem_formal.o(.text) refers to rt_raise.o(.text) for __rt_raise
    rt_raise.o(.text) refers to __raise.o(.text) for __raise
    rt_raise.o(.text) refers to sys_exit.o(.text) for _sys_exit
    defsig_exit.o(.text) refers to sys_exit.o(.text) for _sys_exit
    defsig_rtmem_inner.o(.text) refers to defsig_general.o(.text) for __default_signal_display
    __raise.o(.text) refers to defsig.o(CL$$defsig) for __default_signal_handler
    defsig_general.o(.text) refers to sys_wrch.o(.text) for _ttywrch
    sys_wrch.o(.text) refers (Special) to use_no_semi.o(.text) for __I$use$semihosting
    sys_wrch.o(.text) refers (Special) to indicate_semi.o(.text) for __semihosting_library_function
    defsig.o(CL$$defsig) refers to defsig_rtmem_inner.o(.text) for __rt_SIGRTMEM_inner
    defsig_abrt_inner.o(.text) refers to defsig_general.o(.text) for __default_signal_display
    defsig_fpe_inner.o(.text) refers to defsig_general.o(.text) for __default_signal_display
    defsig_rtred_inner.o(.text) refers to defsig_general.o(.text) for __default_signal_display
    defsig_stak_inner.o(.text) refers to defsig_general.o(.text) for __default_signal_display
    defsig_pvfn_inner.o(.text) refers to defsig_general.o(.text) for __default_signal_display
    defsig_cppl_inner.o(.text) refers to defsig_general.o(.text) for __default_signal_display
    defsig_segv_inner.o(.text) refers to defsig_general.o(.text) for __default_signal_display
    defsig_other.o(.text) refers to defsig_general.o(.text) for __default_signal_display


==============================================================================

Removing Unused input sections from the image.

    Removing sample.o(.rev16_text), (4 bytes).
    Removing sample.o(.revsh_text), (4 bytes).
    Removing sample.o(.rrx_text), (6 bytes).
    Removing my_drawings.o(.rev16_text), (4 bytes).
    Removing my_drawings.o(.revsh_text), (4 bytes).
    Removing my_drawings.o(.rrx_text), (6 bytes).
    Removing gui.o(.rev16_text), (4 bytes).
    Removing gui.o(.revsh_text), (4 bytes).
    Removing gui.o(.rrx_text), (6 bytes).
    Removing core_cm3.o(.emb_text), (32 bytes).
    Removing system_lpc17xx.o(.rev16_text), (4 bytes).
    Removing system_lpc17xx.o(.revsh_text), (4 bytes).
    Removing system_lpc17xx.o(.rrx_text), (6 bytes).
    Removing irq_timer.o(.rev16_text), (4 bytes).
    Removing irq_timer.o(.revsh_text), (4 bytes).
    Removing irq_timer.o(.rrx_text), (6 bytes).
    Removing lib_timer.o(.rev16_text), (4 bytes).
    Removing lib_timer.o(.revsh_text), (4 bytes).
    Removing lib_timer.o(.rrx_text), (6 bytes).
    Removing glcd.o(.rev16_text), (4 bytes).
    Removing glcd.o(.revsh_text), (4 bytes).
    Removing glcd.o(.rrx_text), (6 bytes).
    Removing hzlib.o(.text), (52 bytes).
    Removing hzlib.o(.constdata), (216576 bytes).
    Removing touchpanel.o(.rev16_text), (4 bytes).
    Removing touchpanel.o(.revsh_text), (4 bytes).
    Removing touchpanel.o(.rrx_text), (6 bytes).
    Removing irq_rit.o(.rev16_text), (4 bytes).
    Removing irq_rit.o(.revsh_text), (4 bytes).
    Removing irq_rit.o(.rrx_text), (6 bytes).
    Removing lib_rit.o(.rev16_text), (4 bytes).
    Removing lib_rit.o(.revsh_text), (4 bytes).
    Removing lib_rit.o(.rrx_text), (6 bytes).
    Removing funct_joystick.o(.rev16_text), (4 bytes).
    Removing funct_joystick.o(.revsh_text), (4 bytes).
    Removing funct_joystick.o(.rrx_text), (6 bytes).
    Removing funct_joystick.o(.text), (2 bytes).
    Removing lib_joystick.o(.rev16_text), (4 bytes).
    Removing lib_joystick.o(.revsh_text), (4 bytes).
    Removing lib_joystick.o(.rrx_text), (6 bytes).
    Removing irq_adc.o(.rev16_text), (4 bytes).
    Removing irq_adc.o(.revsh_text), (4 bytes).
    Removing irq_adc.o(.rrx_text), (6 bytes).
    Removing lib_adc.o(.rev16_text), (4 bytes).
    Removing lib_adc.o(.revsh_text), (4 bytes).
    Removing lib_adc.o(.rrx_text), (6 bytes).

46 unused section(s) (total 216858 bytes) removed from the image.

==============================================================================

Image Symbol Table

    Local Symbols

    Symbol Name                              Value     Ov Type        Size  Object(Section)

    RESET                                    0x00000000   Section      204  startup_lpc17xx.o(RESET)
    ../clib/angel/boardlib.s                 0x00000000   Number         0  boardinit3.o ABSOLUTE
    ../clib/angel/boardlib.s                 0x00000000   Number         0  boardinit2.o ABSOLUTE
    ../clib/angel/boardlib.s                 0x00000000   Number         0  boardinit1.o ABSOLUTE
    ../clib/angel/boardlib.s                 0x00000000   Number         0  boardshut.o ABSOLUTE
    ../clib/angel/dczerorl2.s                0x00000000   Number         0  __dczerorl2.o ABSOLUTE
    ../clib/angel/handlers.s                 0x00000000   Number         0  __scatter_zi.o ABSOLUTE
    ../clib/angel/handlers.s                 0x00000000   Number         0  __scatter_copy.o ABSOLUTE
    ../clib/angel/kernel.s                   0x00000000   Number         0  __rtentry.o ABSOLUTE
    ../clib/angel/kernel.s                   0x00000000   Number         0  rtexit2.o ABSOLUTE
    ../clib/angel/kernel.s                   0x00000000   Number         0  __rtentry2.o ABSOLUTE
    ../clib/angel/kernel.s                   0x00000000   Number         0  rtexit.o ABSOLUTE
    ../clib/angel/kernel.s                   0x00000000   Number         0  __rtentry4.o ABSOLUTE
    ../clib/angel/rt.s                       0x00000000   Number         0  rt_raise.o ABSOLUTE
    ../clib/angel/scatter.s                  0x00000000   Number         0  __scatter.o ABSOLUTE
    ../clib/angel/startup.s                  0x00000000   Number         0  __main.o ABSOLUTE
    ../clib/angel/sys.s                      0x00000000   Number         0  libspace.o ABSOLUTE
    ../clib/angel/sys.s                      0x00000000   Number         0  use_no_semi.o ABSOLUTE
    ../clib/angel/sys.s                      0x00000000   Number         0  indicate_semi.o ABSOLUTE
    ../clib/angel/sys.s                      0x00000000   Number         0  sys_stackheap_outer.o ABSOLUTE
    ../clib/angel/sysapp.c                   0x00000000   Number         0  sys_wrch.o ABSOLUTE
    ../clib/angel/sysapp.c                   0x00000000   Number         0  sys_exit.o ABSOLUTE
    ../clib/angel/sysapp.c                   0x00000000   Number         0  sys_command.o ABSOLUTE
    ../clib/armsys.c                         0x00000000   Number         0  _get_argv_nomalloc.o ABSOLUTE
    ../clib/armsys.c                         0x00000000   Number         0  no_argv.o ABSOLUTE
    ../clib/armsys.c                         0x00000000   Number         0  argv_veneer.o ABSOLUTE
    ../clib/armsys.c                         0x00000000   Number         0  argv_veneer.o ABSOLUTE
    ../clib/heapalloc.c                      0x00000000   Number         0  hrguard.o ABSOLUTE
    ../clib/heapaux.c                        0x00000000   Number         0  heapauxi.o ABSOLUTE
    ../clib/libinit.s                        0x00000000   Number         0  libshutdown2.o ABSOLUTE
    ../clib/libinit.s                        0x00000000   Number         0  libinit2.o ABSOLUTE
    ../clib/libinit.s                        0x00000000   Number         0  libshutdown.o ABSOLUTE
    ../clib/libinit.s                        0x00000000   Number         0  libinit.o ABSOLUTE
    ../clib/memcpset.s                       0x00000000   Number         0  rt_memclr_w.o ABSOLUTE
    ../clib/memcpset.s                       0x00000000   Number         0  rt_memcpy_v6.o ABSOLUTE
    ../clib/memcpset.s                       0x00000000   Number         0  rt_memcpy_w.o ABSOLUTE
    ../clib/misc.s                           0x00000000   Number         0  printf_stubs.o ABSOLUTE
    ../clib/printf.c                         0x00000000   Number         0  __printf_flags.o ABSOLUTE
    ../clib/printf.c                         0x00000000   Number         0  _sputc.o ABSOLUTE
    ../clib/printf.c                         0x00000000   Number         0  __printf_wp.o ABSOLUTE
    ../clib/printf.c                         0x00000000   Number         0  __printf_flags_ss.o ABSOLUTE
    ../clib/printf.c                         0x00000000   Number         0  __printf_nopercent.o ABSOLUTE
    ../clib/printf.c                         0x00000000   Number         0  __printf_flags_ss_wp.o ABSOLUTE
    ../clib/printf.c                         0x00000000   Number         0  __printf_flags_wp.o ABSOLUTE
    ../clib/printf.c                         0x00000000   Number         0  __printf_ss_wp.o ABSOLUTE
    ../clib/printf.c                         0x00000000   Number         0  __2snprintf.o ABSOLUTE
    ../clib/printf.c                         0x00000000   Number         0  __printf_ss.o ABSOLUTE
    ../clib/printf.c                         0x00000000   Number         0  __printf.o ABSOLUTE
    ../clib/printf.c                         0x00000000   Number         0  _printf_pad.o ABSOLUTE
    ../clib/printf.c                         0x00000000   Number         0  _printf_dec.o ABSOLUTE
    ../clib/printf.c                         0x00000000   Number         0  _snputc.o ABSOLUTE
    ../clib/printf.c                         0x00000000   Number         0  _printf_char_common.o ABSOLUTE
    ../clib/printf.c                         0x00000000   Number         0  noretval__2snprintf.o ABSOLUTE
    ../clib/printf.c                         0x00000000   Number         0  _printf_intcommon.o ABSOLUTE
    ../clib/printf_percent.s                 0x00000000   Number         0  _printf_percent_end.o ABSOLUTE
    ../clib/printf_percent.s                 0x00000000   Number         0  _printf_d.o ABSOLUTE
    ../clib/printf_percent.s                 0x00000000   Number         0  _printf_percent.o ABSOLUTE
    ../clib/signal.c                         0x00000000   Number         0  defsig_rtmem_inner.o ABSOLUTE
    ../clib/signal.c                         0x00000000   Number         0  defsig_general.o ABSOLUTE
    ../clib/signal.c                         0x00000000   Number         0  defsig_exit.o ABSOLUTE
    ../clib/signal.c                         0x00000000   Number         0  defsig_stak_inner.o ABSOLUTE
    ../clib/signal.c                         0x00000000   Number         0  defsig_abrt_inner.o ABSOLUTE
    ../clib/signal.c                         0x00000000   Number         0  defsig_fpe_inner.o ABSOLUTE
    ../clib/signal.c                         0x00000000   Number         0  defsig_rtred_inner.o ABSOLUTE
    ../clib/signal.c                         0x00000000   Number         0  defsig_rtmem_outer.o ABSOLUTE
    ../clib/signal.c                         0x00000000   Number         0  defsig_pvfn_inner.o ABSOLUTE
    ../clib/signal.c                         0x00000000   Number         0  defsig_cppl_inner.o ABSOLUTE
    ../clib/signal.c                         0x00000000   Number         0  defsig_segv_inner.o ABSOLUTE
    ../clib/signal.c                         0x00000000   Number         0  defsig_rtmem_formal.o ABSOLUTE
    ../clib/signal.c                         0x00000000   Number         0  __raise.o ABSOLUTE
    ../clib/signal.c                         0x00000000   Number         0  defsig_other.o ABSOLUTE
    ../clib/signal.s                         0x00000000   Number         0  defsig.o ABSOLUTE
    ../clib/stdlib.c                         0x00000000   Number         0  exit.o ABSOLUTE
    ../fplib/daddsub.s                       0x00000000   Number         0  daddsub_clz.o ABSOLUTE
    ../fplib/dcmpi.s                         0x00000000   Number         0  dcmpi.o ABSOLUTE
    ../fplib/ddiv.s                          0x00000000   Number         0  ddiv.o ABSOLUTE
    ../fplib/deqf.s                          0x00000000   Number         0  deqf.o ABSOLUTE
    ../fplib/dfixu.s                         0x00000000   Number         0  dfixu.o ABSOLUTE
    ../fplib/dflt.s                          0x00000000   Number         0  dflt_clz.o ABSOLUTE
    ../fplib/dleqf.s                         0x00000000   Number         0  dleqf.o ABSOLUTE
    ../fplib/dmul.s                          0x00000000   Number         0  dmul.o ABSOLUTE
    ../fplib/dnaninf.s                       0x00000000   Number         0  dnaninf.o ABSOLUTE
    ../fplib/dretinf.s                       0x00000000   Number         0  dretinf.o ABSOLUTE
    ../fplib/f2d.s                           0x00000000   Number         0  f2d.o ABSOLUTE
    ../fplib/fdiv.s                          0x00000000   Number         0  fdiv.o ABSOLUTE
    ../fplib/ffix.s                          0x00000000   Number         0  ffix.o ABSOLUTE
    ../fplib/fflt.s                          0x00000000   Number         0  fflt_clz.o ABSOLUTE
    ../fplib/fmul.s                          0x00000000   Number         0  fmul.o ABSOLUTE
    ../fplib/fnaninf.s                       0x00000000   Number         0  fnaninf.o ABSOLUTE
    ../fplib/fpinit.s                        0x00000000   Number         0  fpinit.o ABSOLUTE
    ../fplib/fretinf.s                       0x00000000   Number         0  fretinf.o ABSOLUTE
    ../fplib/usenofp.s                       0x00000000   Number         0  usenofp.o ABSOLUTE
    GLCD\AsciiLib.c                          0x00000000   Number         0  asciilib.o ABSOLUTE
    GLCD\GLCD.c                              0x00000000   Number         0  glcd.o ABSOLUTE
    GLCD\HzLib.c                             0x00000000   Number         0  hzlib.o ABSOLUTE
    GLCD\\GLCD.c                             0x00000000   Number         0  glcd.o ABSOLUTE
    GUI.c                                    0x00000000   Number         0  gui.o ABSOLUTE
    GUI.c                                    0x00000000   Number         0  gui.o ABSOLUTE
    RIT\IRQ_RIT.c                            0x00000000   Number         0  irq_rit.o ABSOLUTE
    RIT\\IRQ_RIT.c                           0x00000000   Number         0  irq_rit.o ABSOLUTE
    RIT\\lib_RIT.c                           0x00000000   Number         0  lib_rit.o ABSOLUTE
    RIT\lib_RIT.c                            0x00000000   Number         0  lib_rit.o ABSOLUTE
    TouchPanel\TouchPanel.c                  0x00000000   Number         0  touchpanel.o ABSOLUTE
    TouchPanel\\TouchPanel.c                 0x00000000   Number         0  touchpanel.o ABSOLUTE
    adc\IRQ_adc.c                            0x00000000   Number         0  irq_adc.o ABSOLUTE
    adc\\IRQ_adc.c                           0x00000000   Number         0  irq_adc.o ABSOLUTE
    adc\\lib_adc.c                           0x00000000   Number         0  lib_adc.o ABSOLUTE
    adc\lib_adc.c                            0x00000000   Number         0  lib_adc.o ABSOLUTE
    audio.c                                  0x00000000   Number         0  audio.o ABSOLUTE
    core_cm3.c                               0x00000000   Number         0  core_cm3.o ABSOLUTE
    core_cm3.c                               0x00000000   Number         0  core_cm3.o ABSOLUTE
    dc.s                                     0x00000000   Number         0  dc.o ABSOLUTE
    joystick\\funct_joystick.c               0x00000000   Number         0  funct_joystick.o ABSOLUTE
    joystick\\lib_joystick.c                 0x00000000   Number         0  lib_joystick.o ABSOLUTE
    joystick\funct_joystick.c                0x00000000   Number         0  funct_joystick.o ABSOLUTE
    joystick\lib_joystick.c                  0x00000000   Number         0  lib_joystick.o ABSOLUTE
    my_drawings.c                            0x00000000   Number         0  my_drawings.o ABSOLUTE
    my_drawings.c                            0x00000000   Number         0  my_drawings.o ABSOLUTE
    sample.c                                 0x00000000   Number         0  sample.o ABSOLUTE
    sample.c                                 0x00000000   Number         0  sample.o ABSOLUTE
    startup_LPC17xx.s                        0x00000000   Number         0  startup_lpc17xx.o ABSOLUTE
    system_LPC17xx.c                         0x00000000   Number         0  system_lpc17xx.o ABSOLUTE
    system_LPC17xx.c                         0x00000000   Number         0  system_lpc17xx.o ABSOLUTE
    timer\IRQ_timer.c                        0x00000000   Number         0  irq_timer.o ABSOLUTE
    timer\\IRQ_timer.c                       0x00000000   Number         0  irq_timer.o ABSOLUTE
    timer\\lib_timer.c                       0x00000000   Number         0  lib_timer.o ABSOLUTE
    timer\lib_timer.c                        0x00000000   Number         0  lib_timer.o ABSOLUTE
    !!!main                                  0x000000cc   Section        8  __main.o(!!!main)
    !!!scatter                               0x000000d4   Section       52  __scatter.o(!!!scatter)
    !!dczerorl2                              0x00000108   Section       90  __dczerorl2.o(!!dczerorl2)
    !!handler_copy                           0x00000164   Section       26  __scatter_copy.o(!!handler_copy)
    !!handler_zi                             0x00000180   Section       28  __scatter_zi.o(!!handler_zi)
    .ARM.Collect$$_printf_percent$$00000000  0x0000019c   Section        0  _printf_percent.o(.ARM.Collect$$_printf_percent$$00000000)
    .ARM.Collect$$_printf_percent$$00000009  0x0000019c   Section        6  _printf_d.o(.ARM.Collect$$_printf_percent$$00000009)
    .ARM.Collect$$_printf_percent$$00000017  0x000001a2   Section        4  _printf_percent_end.o(.ARM.Collect$$_printf_percent$$00000017)
    .ARM.Collect$$libinit$$00000000          0x000001a6   Section        2  libinit.o(.ARM.Collect$$libinit$$00000000)
    .ARM.Collect$$libinit$$00000002          0x000001a8   Section        0  libinit2.o(.ARM.Collect$$libinit$$00000002)
    .ARM.Collect$$libinit$$00000004          0x000001a8   Section        0  libinit2.o(.ARM.Collect$$libinit$$00000004)
    .ARM.Collect$$libinit$$0000000A          0x000001a8   Section        0  libinit2.o(.ARM.Collect$$libinit$$0000000A)
    .ARM.Collect$$libinit$$0000000C          0x000001a8   Section        0  libinit2.o(.ARM.Collect$$libinit$$0000000C)
    .ARM.Collect$$libinit$$0000000E          0x000001a8   Section        0  libinit2.o(.ARM.Collect$$libinit$$0000000E)
    .ARM.Collect$$libinit$$00000011          0x000001a8   Section        0  libinit2.o(.ARM.Collect$$libinit$$00000011)
    .ARM.Collect$$libinit$$00000013          0x000001a8   Section        0  libinit2.o(.ARM.Collect$$libinit$$00000013)
    .ARM.Collect$$libinit$$00000015          0x000001a8   Section        0  libinit2.o(.ARM.Collect$$libinit$$00000015)
    .ARM.Collect$$libinit$$00000017          0x000001a8   Section        0  libinit2.o(.ARM.Collect$$libinit$$00000017)
    .ARM.Collect$$libinit$$00000019          0x000001a8   Section        0  libinit2.o(.ARM.Collect$$libinit$$00000019)
    .ARM.Collect$$libinit$$0000001B          0x000001a8   Section        0  libinit2.o(.ARM.Collect$$libinit$$0000001B)
    .ARM.Collect$$libinit$$0000001D          0x000001a8   Section        0  libinit2.o(.ARM.Collect$$libinit$$0000001D)
    .ARM.Collect$$libinit$$0000001F          0x000001a8   Section        0  libinit2.o(.ARM.Collect$$libinit$$0000001F)
    .ARM.Collect$$libinit$$00000021          0x000001a8   Section        0  libinit2.o(.ARM.Collect$$libinit$$00000021)
    .ARM.Collect$$libinit$$00000023          0x000001a8   Section        0  libinit2.o(.ARM.Collect$$libinit$$00000023)
    .ARM.Collect$$libinit$$00000025          0x000001a8   Section        0  libinit2.o(.ARM.Collect$$libinit$$00000025)
    .ARM.Collect$$libinit$$0000002C          0x000001a8   Section        0  libinit2.o(.ARM.Collect$$libinit$$0000002C)
    .ARM.Collect$$libinit$$0000002E          0x000001a8   Section        0  libinit2.o(.ARM.Collect$$libinit$$0000002E)
    .ARM.Collect$$libinit$$00000030          0x000001a8   Section        0  libinit2.o(.ARM.Collect$$libinit$$00000030)
    .ARM.Collect$$libinit$$00000032          0x000001a8   Section        0  libinit2.o(.ARM.Collect$$libinit$$00000032)
    .ARM.Collect$$libinit$$00000033          0x000001a8   Section        2  libinit2.o(.ARM.Collect$$libinit$$00000033)
    .ARM.Collect$$libshutdown$$00000000      0x000001aa   Section        2  libshutdown.o(.ARM.Collect$$libshutdown$$00000000)
    .ARM.Collect$$libshutdown$$00000002      0x000001ac   Section        0  libshutdown2.o(.ARM.Collect$$libshutdown$$00000002)
    .ARM.Collect$$libshutdown$$00000004      0x000001ac   Section        0  libshutdown2.o(.ARM.Collect$$libshutdown$$00000004)
    .ARM.Collect$$libshutdown$$00000006      0x000001ac   Section        0  libshutdown2.o(.ARM.Collect$$libshutdown$$00000006)
    .ARM.Collect$$libshutdown$$00000009      0x000001ac   Section        0  libshutdown2.o(.ARM.Collect$$libshutdown$$00000009)
    .ARM.Collect$$libshutdown$$0000000C      0x000001ac   Section        0  libshutdown2.o(.ARM.Collect$$libshutdown$$0000000C)
    .ARM.Collect$$libshutdown$$0000000E      0x000001ac   Section        0  libshutdown2.o(.ARM.Collect$$libshutdown$$0000000E)
    .ARM.Collect$$libshutdown$$00000011      0x000001ac   Section        0  libshutdown2.o(.ARM.Collect$$libshutdown$$00000011)
    .ARM.Collect$$libshutdown$$00000012      0x000001ac   Section        2  libshutdown2.o(.ARM.Collect$$libshutdown$$00000012)
    .ARM.Collect$$rtentry$$00000000          0x000001ae   Section        0  __rtentry.o(.ARM.Collect$$rtentry$$00000000)
    .ARM.Collect$$rtentry$$00000002          0x000001ae   Section        0  __rtentry2.o(.ARM.Collect$$rtentry$$00000002)
    .ARM.Collect$$rtentry$$00000004          0x000001ae   Section        6  __rtentry4.o(.ARM.Collect$$rtentry$$00000004)
    .ARM.Collect$$rtentry$$00000009          0x000001b4   Section        0  __rtentry2.o(.ARM.Collect$$rtentry$$00000009)
    .ARM.Collect$$rtentry$$0000000A          0x000001b4   Section        4  __rtentry2.o(.ARM.Collect$$rtentry$$0000000A)
    .ARM.Collect$$rtentry$$0000000C          0x000001b8   Section        0  __rtentry2.o(.ARM.Collect$$rtentry$$0000000C)
    .ARM.Collect$$rtentry$$0000000D          0x000001b8   Section        8  __rtentry2.o(.ARM.Collect$$rtentry$$0000000D)
    .ARM.Collect$$rtexit$$00000000           0x000001c0   Section        2  rtexit.o(.ARM.Collect$$rtexit$$00000000)
    .ARM.Collect$$rtexit$$00000002           0x000001c2   Section        0  rtexit2.o(.ARM.Collect$$rtexit$$00000002)
    .ARM.Collect$$rtexit$$00000003           0x000001c2   Section        4  rtexit2.o(.ARM.Collect$$rtexit$$00000003)
    .ARM.Collect$$rtexit$$00000004           0x000001c6   Section        6  rtexit2.o(.ARM.Collect$$rtexit$$00000004)
    .text                                    0x000001cc   Section       52  startup_lpc17xx.o(.text)
    .text                                    0x00000200   Section        0  sample.o(.text)
    .text                                    0x0000029c   Section        0  audio.o(.text)
    .text                                    0x000002bc   Section        0  asciilib.o(.text)
    .text                                    0x000002dc   Section        0  heapauxi.o(.text)
    .text                                    0x000002e2   Section        0  _sputc.o(.text)
    .text                                    0x000002ec   Section        0  _snputc.o(.text)
    .ARM.__at_0x02FC                         0x000002fc   Section        4  startup_lpc17xx.o(.ARM.__at_0x02FC)
    .text                                    0x00000300   Section        0  my_drawings.o(.text)
    delay_ms                                 0x00000301   Thumb Code    30  my_drawings.o(.text)
    delay                                    0x0000031f   Thumb Code    12  my_drawings.o(.text)
    .text                                    0x000003b4   Section        0  gui.o(.text)
    .text                                    0x00000bac   Section        0  system_lpc17xx.o(.text)
    .text                                    0x00000dd8   Section        0  irq_timer.o(.text)
    .text                                    0x00001280   Section        0  lib_timer.o(.text)
    __NVIC_EnableIRQ                         0x00001281   Thumb Code    34  lib_timer.o(.text)
    __NVIC_SetPriority                       0x000012a3   Thumb Code    32  lib_timer.o(.text)
    .text                                    0x00001360   Section        0  glcd.o(.text)
    LCD_Configuration                        0x00001361   Thumb Code    20  glcd.o(.text)
    wait_delay                               0x00001375   Thumb Code    12  glcd.o(.text)
    LCD_SetCursor                            0x00001381   Thumb Code  1356  glcd.o(.text)
    delay_ms                                 0x000018cd   Thumb Code    30  glcd.o(.text)
    LCD_BGR2RGB                              0x00004dc9   Thumb Code    26  glcd.o(.text)
    .text                                    0x00005444   Section        0  touchpanel.o(.text)
    ADS7843_SPI_Init                         0x00005455   Thumb Code   128  touchpanel.o(.text)
    DelayUS                                  0x000054f3   Thumb Code    28  touchpanel.o(.text)
    WR_CMD                                   0x0000550f   Thumb Code    56  touchpanel.o(.text)
    RD_AD                                    0x00005547   Thumb Code    42  touchpanel.o(.text)
    .text                                    0x00005dc4   Section        0  irq_rit.o(.text)
    .text                                    0x00005ed0   Section        0  lib_rit.o(.text)
    .text                                    0x00005f90   Section        0  lib_joystick.o(.text)
    .text                                    0x00005fb4   Section        0  irq_adc.o(.text)
    .text                                    0x00006000   Section        0  lib_adc.o(.text)
    .text                                    0x00006098   Section        0  noretval__2snprintf.o(.text)
    .text                                    0x000060cc   Section        0  _printf_pad.o(.text)
    .text                                    0x0000611c   Section        0  _printf_dec.o(.text)
    .text                                    0x00006194   Section        0  __printf_flags_wp.o(.text)
    .text                                    0x000062cc   Section      138  rt_memcpy_v6.o(.text)
    .text                                    0x00006356   Section       78  rt_memclr_w.o(.text)
    .text                                    0x000063a4   Section        0  _printf_intcommon.o(.text)
    .text                                    0x00006458   Section        0  _printf_char_common.o(.text)
    _printf_input_char                       0x00006459   Thumb Code    10  _printf_char_common.o(.text)
    .text                                    0x00006488   Section      100  rt_memcpy_w.o(.text)
    .text                                    0x000064ec   Section       74  sys_stackheap_outer.o(.text)
    .text                                    0x00006536   Section        0  exit.o(.text)
    .text                                    0x00006548   Section        8  libspace.o(.text)
    .text                                    0x00006550   Section        0  sys_exit.o(.text)
    .text                                    0x0000655c   Section        2  use_no_semi.o(.text)
    .text                                    0x0000655e   Section        0  indicate_semi.o(.text)
    i._is_digit                              0x0000655e   Section        0  __printf_wp.o(i._is_digit)
    x$fpl$dadd                               0x0000656c   Section      336  daddsub_clz.o(x$fpl$dadd)
    _dadd1                                   0x0000657d   Thumb Code     0  daddsub_clz.o(x$fpl$dadd)
    x$fpl$dcmpinf                            0x000066bc   Section       24  dcmpi.o(x$fpl$dcmpinf)
    x$fpl$ddiv                               0x000066d4   Section      688  ddiv.o(x$fpl$ddiv)
    ddiv_entry                               0x000066db   Thumb Code     0  ddiv.o(x$fpl$ddiv)
    x$fpl$deqf                               0x00006984   Section      120  deqf.o(x$fpl$deqf)
    x$fpl$dfixu                              0x000069fc   Section       90  dfixu.o(x$fpl$dfixu)
    x$fpl$dflt                               0x00006a56   Section       46  dflt_clz.o(x$fpl$dflt)
    x$fpl$dfltu                              0x00006a84   Section       38  dflt_clz.o(x$fpl$dfltu)
    x$fpl$dleqf                              0x00006aac   Section      120  dleqf.o(x$fpl$dleqf)
    x$fpl$dmul                               0x00006b24   Section      340  dmul.o(x$fpl$dmul)
    x$fpl$dnaninf                            0x00006c78   Section      156  dnaninf.o(x$fpl$dnaninf)
    x$fpl$dretinf                            0x00006d14   Section       12  dretinf.o(x$fpl$dretinf)
    x$fpl$dsub                               0x00006d20   Section      468  daddsub_clz.o(x$fpl$dsub)
    _dsub1                                   0x00006d31   Thumb Code     0  daddsub_clz.o(x$fpl$dsub)
    x$fpl$f2d                                0x00006ef4   Section       86  f2d.o(x$fpl$f2d)
    x$fpl$fdiv                               0x00006f4c   Section      388  fdiv.o(x$fpl$fdiv)
    _fdiv1                                   0x00006f4d   Thumb Code     0  fdiv.o(x$fpl$fdiv)
    x$fpl$ffix                               0x000070d0   Section       54  ffix.o(x$fpl$ffix)
    x$fpl$fflt                               0x00007108   Section       48  fflt_clz.o(x$fpl$fflt)
    x$fpl$ffltu                              0x00007138   Section       38  fflt_clz.o(x$fpl$ffltu)
    x$fpl$fmul                               0x00007160   Section      258  fmul.o(x$fpl$fmul)
    x$fpl$fnaninf                            0x00007262   Section      140  fnaninf.o(x$fpl$fnaninf)
    x$fpl$fretinf                            0x000072ee   Section       10  fretinf.o(x$fpl$fretinf)
    .constdata                               0x000072f8   Section    164192  my_drawings.o(.constdata)
    x$fpl$usenofp                            0x000072f8   Section        0  usenofp.o(x$fpl$usenofp)
    image_data_candy_empty                   0x000072f8   Data        2048  my_drawings.o(.constdata)
    image_data_candy_full                    0x00007b04   Data        2048  my_drawings.o(.constdata)
    image_data_ball_empty                    0x00008310   Data        2048  my_drawings.o(.constdata)
    image_data_ball_full                     0x00008b1c   Data        2048  my_drawings.o(.constdata)
    image_data_normal_1                      0x00009328   Data       12780  my_drawings.o(.constdata)
    image_data_normal_2                      0x0000c520   Data       12780  my_drawings.o(.constdata)
    image_data_normal_3                      0x0000f718   Data       12780  my_drawings.o(.constdata)
    image_data_ko_1                          0x00012910   Data       12780  my_drawings.o(.constdata)
    image_data_ko_2                          0x00015b08   Data       12780  my_drawings.o(.constdata)
    image_data_ko_3                          0x00018d00   Data       12780  my_drawings.o(.constdata)
    image_data_meal_1                        0x0001bef8   Data       12780  my_drawings.o(.constdata)
    image_data_meal_2                        0x0001f0f0   Data       12780  my_drawings.o(.constdata)
    image_data_snack_1                       0x000222e8   Data       12780  my_drawings.o(.constdata)
    image_data_snack_2                       0x000254e0   Data       12780  my_drawings.o(.constdata)
    image_data_cuddle_1                      0x000286d8   Data       12780  my_drawings.o(.constdata)
    image_data_cuddle_2                      0x0002b8d0   Data       12780  my_drawings.o(.constdata)
    image_data_volume_0                      0x0002eac8   Data         600  my_drawings.o(.constdata)
    image_data_volume_033                    0x0002ed2c   Data         600  my_drawings.o(.constdata)
    image_data_volume_066                    0x0002ef90   Data         600  my_drawings.o(.constdata)
    image_data_volume_100                    0x0002f1f4   Data         600  my_drawings.o(.constdata)
    .constdata                               0x0002f458   Section     1520  asciilib.o(.constdata)
    AsciiLib                                 0x0002f458   Data        1520  asciilib.o(.constdata)
    .constdata                               0x0002fa48   Section       17  __printf_flags_wp.o(.constdata)
    maptable                                 0x0002fa48   Data          17  __printf_flags_wp.o(.constdata)
    .data                                    0x10000000   Section        4  system_lpc17xx.o(.data)
    .data                                    0x10000004   Section        1  glcd.o(.data)
    LCD_Code                                 0x10000004   Data           1  glcd.o(.data)
    .data                                    0x10000006   Section       20  touchpanel.o(.data)
    screen                                   0x10000016   Data           4  touchpanel.o(.data)
    STACK                                    0x10000020   Section      512  startup_lpc17xx.o(STACK)
    Stack_Mem                                0x10000020   Data         512  startup_lpc17xx.o(STACK)
    __initial_sp                             0x10000220   Data           0  startup_lpc17xx.o(STACK)
    .data                                    0x2007c000   Section      244  irq_timer.o(.data)
    joystick_select                          0x2007c018   Data           4  irq_timer.o(.data)
    joystick_left                            0x2007c01c   Data           4  irq_timer.o(.data)
    joystick_right                           0x2007c020   Data           4  irq_timer.o(.data)
    count                                    0x2007c02c   Data           4  irq_timer.o(.data)
    .data                                    0x2007c0f4   Section      124  irq_rit.o(.data)
    sineticks                                0x2007c168   Data           4  irq_rit.o(.data)
    currentValue                             0x2007c16c   Data           4  irq_rit.o(.data)
    .data                                    0x2007c170   Section        4  irq_adc.o(.data)
    .bss                                     0x2007c178   Section       68  touchpanel.o(.bss)
    .bss                                     0x2007c1bc   Section       96  libspace.o(.bss)
    HEAP                                     0x2007c220   Section        0  startup_lpc17xx.o(HEAP)
    Heap_Mem                                 0x2007c220   Data           0  startup_lpc17xx.o(HEAP)

    Global Symbols

    Symbol Name                              Value     Ov Type        Size  Object(Section)

    BuildAttributes$$THM_ISAv4$P$D$K$B$S$PE$A:L22UL41UL21$X:L11$S22US41US21$IEEE1$IW$USESV6$~STKCKD$USESV7$~SHL$OSPACE$ROPI$EBA8$UX$STANDARDLIB$REQ8$PRES8$EABIv2 0x00000000   Number         0  anon$$obj.o ABSOLUTE
    __ARM_use_no_argv                        0x00000000   Number         0  sample.o ABSOLUTE
    __Vectors                                0x00000000   Data           4  startup_lpc17xx.o(RESET)
    _printf_flags                            0x00000000   Number         0  printf_stubs.o ABSOLUTE
    _printf_return_value                     0x00000000   Number         0  printf_stubs.o ABSOLUTE
    _printf_sizespec                         0x00000000   Number         0  printf_stubs.o ABSOLUTE
    _printf_widthprec                        0x00000000   Number         0  printf_stubs.o ABSOLUTE
    __ARM_exceptions_init                     - Undefined Weak Reference
    __alloca_initialize                       - Undefined Weak Reference
    __arm_fini_                               - Undefined Weak Reference
    __arm_preinit_                            - Undefined Weak Reference
    __cpp_initialize__aeabi_                  - Undefined Weak Reference
    __cxa_finalize                            - Undefined Weak Reference
    __rt_locale                               - Undefined Weak Reference
    __sigvec_lookup                           - Undefined Weak Reference
    _atexit_init                              - Undefined Weak Reference
    _call_atexit_fns                          - Undefined Weak Reference
    _clock_init                               - Undefined Weak Reference
    _fp_trap_init                             - Undefined Weak Reference
    _fp_trap_shutdown                         - Undefined Weak Reference
    _get_lc_collate                           - Undefined Weak Reference
    _get_lc_ctype                             - Undefined Weak Reference
    _get_lc_monetary                          - Undefined Weak Reference
    _get_lc_numeric                           - Undefined Weak Reference
    _get_lc_time                              - Undefined Weak Reference
    _getenv_init                              - Undefined Weak Reference
    _handle_redirection                       - Undefined Weak Reference
    _init_alloc                               - Undefined Weak Reference
    _init_user_alloc                          - Undefined Weak Reference
    _initio                                   - Undefined Weak Reference
    _printf_truncate_signed                   - Undefined Weak Reference
    _printf_truncate_unsigned                 - Undefined Weak Reference
    _rand_init                                - Undefined Weak Reference
    _signal_finish                            - Undefined Weak Reference
    _signal_init                              - Undefined Weak Reference
    _terminate_alloc                          - Undefined Weak Reference
    _terminate_user_alloc                     - Undefined Weak Reference
    _terminateio                              - Undefined Weak Reference
    __main                                   0x000000cd   Thumb Code     8  __main.o(!!!main)
    __scatterload                            0x000000d5   Thumb Code     0  __scatter.o(!!!scatter)
    __scatterload_rt2                        0x000000d5   Thumb Code    44  __scatter.o(!!!scatter)
    __scatterload_rt2_thumb_only             0x000000d5   Thumb Code     0  __scatter.o(!!!scatter)
    __scatterload_null                       0x000000e3   Thumb Code     0  __scatter.o(!!!scatter)
    __decompress                             0x00000109   Thumb Code    90  __dczerorl2.o(!!dczerorl2)
    __decompress1                            0x00000109   Thumb Code     0  __dczerorl2.o(!!dczerorl2)
    __scatterload_copy                       0x00000165   Thumb Code    26  __scatter_copy.o(!!handler_copy)
    __scatterload_zeroinit                   0x00000181   Thumb Code    28  __scatter_zi.o(!!handler_zi)
    _printf_d                                0x0000019d   Thumb Code     0  _printf_d.o(.ARM.Collect$$_printf_percent$$00000009)
    _printf_percent                          0x0000019d   Thumb Code     0  _printf_percent.o(.ARM.Collect$$_printf_percent$$00000000)
    _printf_percent_end                      0x000001a3   Thumb Code     0  _printf_percent_end.o(.ARM.Collect$$_printf_percent$$00000017)
    __rt_lib_init                            0x000001a7   Thumb Code     0  libinit.o(.ARM.Collect$$libinit$$00000000)
    __rt_lib_init_alloca_1                   0x000001a9   Thumb Code     0  libinit2.o(.ARM.Collect$$libinit$$0000002E)
    __rt_lib_init_argv_1                     0x000001a9   Thumb Code     0  libinit2.o(.ARM.Collect$$libinit$$0000002C)
    __rt_lib_init_atexit_1                   0x000001a9   Thumb Code     0  libinit2.o(.ARM.Collect$$libinit$$0000001B)
    __rt_lib_init_clock_1                    0x000001a9   Thumb Code     0  libinit2.o(.ARM.Collect$$libinit$$00000021)
    __rt_lib_init_cpp_1                      0x000001a9   Thumb Code     0  libinit2.o(.ARM.Collect$$libinit$$00000032)
    __rt_lib_init_exceptions_1               0x000001a9   Thumb Code     0  libinit2.o(.ARM.Collect$$libinit$$00000030)
    __rt_lib_init_fp_1                       0x000001a9   Thumb Code     0  libinit2.o(.ARM.Collect$$libinit$$00000002)
    __rt_lib_init_fp_trap_1                  0x000001a9   Thumb Code     0  libinit2.o(.ARM.Collect$$libinit$$0000001F)
    __rt_lib_init_getenv_1                   0x000001a9   Thumb Code     0  libinit2.o(.ARM.Collect$$libinit$$00000023)
    __rt_lib_init_heap_1                     0x000001a9   Thumb Code     0  libinit2.o(.ARM.Collect$$libinit$$0000000A)
    __rt_lib_init_lc_collate_1               0x000001a9   Thumb Code     0  libinit2.o(.ARM.Collect$$libinit$$00000011)
    __rt_lib_init_lc_ctype_1                 0x000001a9   Thumb Code     0  libinit2.o(.ARM.Collect$$libinit$$00000013)
    __rt_lib_init_lc_monetary_1              0x000001a9   Thumb Code     0  libinit2.o(.ARM.Collect$$libinit$$00000015)
    __rt_lib_init_lc_numeric_1               0x000001a9   Thumb Code     0  libinit2.o(.ARM.Collect$$libinit$$00000017)
    __rt_lib_init_lc_time_1                  0x000001a9   Thumb Code     0  libinit2.o(.ARM.Collect$$libinit$$00000019)
    __rt_lib_init_preinit_1                  0x000001a9   Thumb Code     0  libinit2.o(.ARM.Collect$$libinit$$00000004)
    __rt_lib_init_rand_1                     0x000001a9   Thumb Code     0  libinit2.o(.ARM.Collect$$libinit$$0000000E)
    __rt_lib_init_return                     0x000001a9   Thumb Code     0  libinit2.o(.ARM.Collect$$libinit$$00000033)
    __rt_lib_init_signal_1                   0x000001a9   Thumb Code     0  libinit2.o(.ARM.Collect$$libinit$$0000001D)
    __rt_lib_init_stdio_1                    0x000001a9   Thumb Code     0  libinit2.o(.ARM.Collect$$libinit$$00000025)
    __rt_lib_init_user_alloc_1               0x000001a9   Thumb Code     0  libinit2.o(.ARM.Collect$$libinit$$0000000C)
    __rt_lib_shutdown                        0x000001ab   Thumb Code     0  libshutdown.o(.ARM.Collect$$libshutdown$$00000000)
    __rt_lib_shutdown_cpp_1                  0x000001ad   Thumb Code     0  libshutdown2.o(.ARM.Collect$$libshutdown$$00000004)
    __rt_lib_shutdown_fini_1                 0x000001ad   Thumb Code     0  libshutdown2.o(.ARM.Collect$$libshutdown$$00000002)
    __rt_lib_shutdown_fp_trap_1              0x000001ad   Thumb Code     0  libshutdown2.o(.ARM.Collect$$libshutdown$$00000009)
    __rt_lib_shutdown_heap_1                 0x000001ad   Thumb Code     0  libshutdown2.o(.ARM.Collect$$libshutdown$$00000011)
    __rt_lib_shutdown_return                 0x000001ad   Thumb Code     0  libshutdown2.o(.ARM.Collect$$libshutdown$$00000012)
    __rt_lib_shutdown_signal_1               0x000001ad   Thumb Code     0  libshutdown2.o(.ARM.Collect$$libshutdown$$0000000C)
    __rt_lib_shutdown_stdio_1                0x000001ad   Thumb Code     0  libshutdown2.o(.ARM.Collect$$libshutdown$$00000006)
    __rt_lib_shutdown_user_alloc_1           0x000001ad   Thumb Code     0  libshutdown2.o(.ARM.Collect$$libshutdown$$0000000E)
    __rt_entry                               0x000001af   Thumb Code     0  __rtentry.o(.ARM.Collect$$rtentry$$00000000)
    __rt_entry_presh_1                       0x000001af   Thumb Code     0  __rtentry2.o(.ARM.Collect$$rtentry$$00000002)
    __rt_entry_sh                            0x000001af   Thumb Code     0  __rtentry4.o(.ARM.Collect$$rtentry$$00000004)
    __rt_entry_li                            0x000001b5   Thumb Code     0  __rtentry2.o(.ARM.Collect$$rtentry$$0000000A)
    __rt_entry_postsh_1                      0x000001b5   Thumb Code     0  __rtentry2.o(.ARM.Collect$$rtentry$$00000009)
    __rt_entry_main                          0x000001b9   Thumb Code     0  __rtentry2.o(.ARM.Collect$$rtentry$$0000000D)
    __rt_entry_postli_1                      0x000001b9   Thumb Code     0  __rtentry2.o(.ARM.Collect$$rtentry$$0000000C)
    __rt_exit                                0x000001c1   Thumb Code     0  rtexit.o(.ARM.Collect$$rtexit$$00000000)
    __rt_exit_ls                             0x000001c3   Thumb Code     0  rtexit2.o(.ARM.Collect$$rtexit$$00000003)
    __rt_exit_prels_1                        0x000001c3   Thumb Code     0  rtexit2.o(.ARM.Collect$$rtexit$$00000002)
    __rt_exit_exit                           0x000001c7   Thumb Code     0  rtexit2.o(.ARM.Collect$$rtexit$$00000004)
    Reset_Handler                            0x000001cd   Thumb Code     4  startup_lpc17xx.o(.text)
    NMI_Handler                              0x000001d1   Thumb Code     2  startup_lpc17xx.o(.text)
    HardFault_Handler                        0x000001d3   Thumb Code     2  startup_lpc17xx.o(.text)
    MemManage_Handler                        0x000001d5   Thumb Code     2  startup_lpc17xx.o(.text)
    BusFault_Handler                         0x000001d7   Thumb Code     2  startup_lpc17xx.o(.text)
    UsageFault_Handler                       0x000001d9   Thumb Code     2  startup_lpc17xx.o(.text)
    SVC_Handler                              0x000001db   Thumb Code     2  startup_lpc17xx.o(.text)
    DebugMon_Handler                         0x000001dd   Thumb Code     2  startup_lpc17xx.o(.text)
    PendSV_Handler                           0x000001df   Thumb Code     2  startup_lpc17xx.o(.text)
    SysTick_Handler                          0x000001e1   Thumb Code     2  startup_lpc17xx.o(.text)
    BOD_IRQHandler                           0x000001e3   Thumb Code     0  startup_lpc17xx.o(.text)
    CANActivity_IRQHandler                   0x000001e3   Thumb Code     0  startup_lpc17xx.o(.text)
    CAN_IRQHandler                           0x000001e3   Thumb Code     0  startup_lpc17xx.o(.text)
    DMA_IRQHandler                           0x000001e3   Thumb Code     0  startup_lpc17xx.o(.text)
    EINT0_IRQHandler                         0x000001e3   Thumb Code     0  startup_lpc17xx.o(.text)
    EINT1_IRQHandler                         0x000001e3   Thumb Code     0  startup_lpc17xx.o(.text)
    EINT2_IRQHandler                         0x000001e3   Thumb Code     0  startup_lpc17xx.o(.text)
    EINT3_IRQHandler                         0x000001e3   Thumb Code     0  startup_lpc17xx.o(.text)
    ENET_IRQHandler                          0x000001e3   Thumb Code     0  startup_lpc17xx.o(.text)
    I2C0_IRQHandler                          0x000001e3   Thumb Code     0  startup_lpc17xx.o(.text)
    I2C1_IRQHandler                          0x000001e3   Thumb Code     0  startup_lpc17xx.o(.text)
    I2C2_IRQHandler                          0x000001e3   Thumb Code     0  startup_lpc17xx.o(.text)
    I2S_IRQHandler                           0x000001e3   Thumb Code     0  startup_lpc17xx.o(.text)
    MCPWM_IRQHandler                         0x000001e3   Thumb Code     0  startup_lpc17xx.o(.text)
    PLL0_IRQHandler                          0x000001e3   Thumb Code     0  startup_lpc17xx.o(.text)
    PLL1_IRQHandler                          0x000001e3   Thumb Code     0  startup_lpc17xx.o(.text)
    PWM1_IRQHandler                          0x000001e3   Thumb Code     0  startup_lpc17xx.o(.text)
    QEI_IRQHandler                           0x000001e3   Thumb Code     0  startup_lpc17xx.o(.text)
    RTC_IRQHandler                           0x000001e3   Thumb Code     0  startup_lpc17xx.o(.text)
    SPI_IRQHandler                           0x000001e3   Thumb Code     0  startup_lpc17xx.o(.text)
    SSP0_IRQHandler                          0x000001e3   Thumb Code     0  startup_lpc17xx.o(.text)
    SSP1_IRQHandler                          0x000001e3   Thumb Code     0  startup_lpc17xx.o(.text)
    TIMER2_IRQHandler                        0x000001e3   Thumb Code     0  startup_lpc17xx.o(.text)
    TIMER3_IRQHandler                        0x000001e3   Thumb Code     0  startup_lpc17xx.o(.text)
    UART0_IRQHandler                         0x000001e3   Thumb Code     0  startup_lpc17xx.o(.text)
    UART1_IRQHandler                         0x000001e3   Thumb Code     0  startup_lpc17xx.o(.text)
    UART2_IRQHandler                         0x000001e3   Thumb Code     0  startup_lpc17xx.o(.text)
    UART3_IRQHandler                         0x000001e3   Thumb Code     0  startup_lpc17xx.o(.text)
    USBActivity_IRQHandler                   0x000001e3   Thumb Code     0  startup_lpc17xx.o(.text)
    USB_IRQHandler                           0x000001e3   Thumb Code     0  startup_lpc17xx.o(.text)
    WDT_IRQHandler                           0x000001e3   Thumb Code     0  startup_lpc17xx.o(.text)
    __user_initial_stackheap                 0x000001e5   Thumb Code     0  startup_lpc17xx.o(.text)
    main                                     0x00000201   Thumb Code   134  sample.o(.text)
    playNote                                 0x0000029d   Thumb Code    32  audio.o(.text)
    GetASCIICode                             0x000002bd   Thumb Code    26  asciilib.o(.text)
    __use_two_region_memory                  0x000002dd   Thumb Code     2  heapauxi.o(.text)
    __rt_heap_escrow$2region                 0x000002df   Thumb Code     2  heapauxi.o(.text)
    __rt_heap_expand$2region                 0x000002e1   Thumb Code     2  heapauxi.o(.text)
    _sputc                                   0x000002e3   Thumb Code    10  _sputc.o(.text)
    _snputc                                  0x000002ed   Thumb Code    16  _snputc.o(.text)
    make_drawing                             0x0000032b   Thumb Code    78  my_drawings.o(.text)
    color_area                               0x00000379   Thumb Code    58  my_drawings.o(.text)
    draw_balls                               0x000003b5   Thumb Code   196  gui.o(.text)
    draw_candies                             0x00000479   Thumb Code   232  gui.o(.text)
    draw_normal_cyn                          0x00000561   Thumb Code    72  gui.o(.text)
    draw_ko_cyn                              0x000005a9   Thumb Code   130  gui.o(.text)
    draw_meal_animation                      0x0000062b   Thumb Code   244  gui.o(.text)
    draw_snack_animation                     0x0000071f   Thumb Code   314  gui.o(.text)
    draw_cuddle_animation                    0x00000859   Thumb Code   244  gui.o(.text)
    draw_age                                 0x0000094d   Thumb Code    78  gui.o(.text)
    draw_snack_option                        0x0000099b   Thumb Code   112  gui.o(.text)
    draw_meal_option                         0x00000a0b   Thumb Code   108  gui.o(.text)
    draw_volume_lines                        0x00000a77   Thumb Code    80  gui.o(.text)
    draw_reset                               0x00000ac7   Thumb Code    42  gui.o(.text)
    draw_default_screen                      0x00000af1   Thumb Code    86  gui.o(.text)
    SystemInit                               0x00000bad   Thumb Code   526  system_lpc17xx.o(.text)
    decrease_stats                           0x00000dd9   Thumb Code   118  irq_timer.o(.text)
    meal                                     0x00000e4f   Thumb Code    38  irq_timer.o(.text)
    snack                                    0x00000e75   Thumb Code    38  irq_timer.o(.text)
    cuddle                                   0x00000e9b   Thumb Code    38  irq_timer.o(.text)
    TIMER0_IRQHandler                        0x00000ec1   Thumb Code    58  irq_timer.o(.text)
    TIMER1_IRQHandler                        0x00000efb   Thumb Code   894  irq_timer.o(.text)
    enable_timer                             0x000012c3   Thumb Code    20  lib_timer.o(.text)
    disable_timer                            0x000012d7   Thumb Code    20  lib_timer.o(.text)
    reset_timer                              0x000012eb   Thumb Code    30  lib_timer.o(.text)
    init_timer                               0x00001309   Thumb Code    76  lib_timer.o(.text)
    LCD_Initialization                       0x000018eb   Thumb Code 12014  glcd.o(.text)
    LCD_Clear                                0x000047d9   Thumb Code  1520  glcd.o(.text)
    LCD_GetPoint                             0x00004de3   Thumb Code   994  glcd.o(.text)
    LCD_SetPoint                             0x000051c5   Thumb Code   206  glcd.o(.text)
    LCD_DrawLine                             0x00005293   Thumb Code   250  glcd.o(.text)
    PutChar                                  0x0000538d   Thumb Code   100  glcd.o(.text)
    GUI_Text                                 0x000053f1   Thumb Code    80  glcd.o(.text)
    LPC17xx_SPI_SetSpeed                     0x00005445   Thumb Code    16  touchpanel.o(.text)
    TP_Init                                  0x000054d5   Thumb Code    30  touchpanel.o(.text)
    Read_X                                   0x00005571   Thumb Code    42  touchpanel.o(.text)
    Read_Y                                   0x0000559b   Thumb Code    42  touchpanel.o(.text)
    TP_GetAdXY                               0x000055c5   Thumb Code    34  touchpanel.o(.text)
    TP_DrawPoint                             0x000055e7   Thumb Code    20  touchpanel.o(.text)
    DrawCross                                0x000055fb   Thumb Code   356  touchpanel.o(.text)
    DeleteCross                              0x0000575f   Thumb Code   350  touchpanel.o(.text)
    Read_Ads7846                             0x000058bd   Thumb Code   502  touchpanel.o(.text)
    setCalibrationMatrix                     0x00005ab3   Thumb Code   356  touchpanel.o(.text)
    getDisplayPoint                          0x00005c17   Thumb Code   262  touchpanel.o(.text)
    TouchPanel_Calibrate                     0x00005d1d   Thumb Code   120  touchpanel.o(.text)
    setPeriods                               0x00005dc5   Thumb Code     6  irq_rit.o(.text)
    setSilent                                0x00005dcb   Thumb Code    20  irq_rit.o(.text)
    setVolume                                0x00005ddf   Thumb Code     6  irq_rit.o(.text)
    getVolume                                0x00005de5   Thumb Code     6  irq_rit.o(.text)
    isPlaying                                0x00005deb   Thumb Code     6  irq_rit.o(.text)
    RIT_IRQHandler                           0x00005df1   Thumb Code   178  irq_rit.o(.text)
    enable_RIT                               0x00005ed1   Thumb Code    14  lib_rit.o(.text)
    disable_RIT                              0x00005edf   Thumb Code    14  lib_rit.o(.text)
    reset_RIT                                0x00005eed   Thumb Code     8  lib_rit.o(.text)
    init_RIT                                 0x00005ef5   Thumb Code   134  lib_rit.o(.text)
    joystick_init                            0x00005f91   Thumb Code    26  lib_joystick.o(.text)
    ADC_IRQHandler                           0x00005fb5   Thumb Code    58  irq_adc.o(.text)
    ADC_init                                 0x00006001   Thumb Code   112  lib_adc.o(.text)
    ADC_start_conversion                     0x00006071   Thumb Code    14  lib_adc.o(.text)
    __2snprintf                              0x00006099   Thumb Code    48  noretval__2snprintf.o(.text)
    _printf_pre_padding                      0x000060cd   Thumb Code    44  _printf_pad.o(.text)
    _printf_post_padding                     0x000060f9   Thumb Code    34  _printf_pad.o(.text)
    _printf_int_dec                          0x0000611d   Thumb Code   104  _printf_dec.o(.text)
    __printf                                 0x00006195   Thumb Code   308  __printf_flags_wp.o(.text)
    __aeabi_memcpy                           0x000062cd   Thumb Code     0  rt_memcpy_v6.o(.text)
    __rt_memcpy                              0x000062cd   Thumb Code   138  rt_memcpy_v6.o(.text)
    _memcpy_lastbytes                        0x00006333   Thumb Code     0  rt_memcpy_v6.o(.text)
    __aeabi_memclr4                          0x00006357   Thumb Code     0  rt_memclr_w.o(.text)
    __aeabi_memclr8                          0x00006357   Thumb Code     0  rt_memclr_w.o(.text)
    __rt_memclr_w                            0x00006357   Thumb Code    78  rt_memclr_w.o(.text)
    _memset_w                                0x0000635b   Thumb Code     0  rt_memclr_w.o(.text)
    _printf_int_common                       0x000063a5   Thumb Code   178  _printf_intcommon.o(.text)
    _printf_char_common                      0x00006463   Thumb Code    32  _printf_char_common.o(.text)
    __aeabi_memcpy4                          0x00006489   Thumb Code     0  rt_memcpy_w.o(.text)
    __aeabi_memcpy8                          0x00006489   Thumb Code     0  rt_memcpy_w.o(.text)
    __rt_memcpy_w                            0x00006489   Thumb Code   100  rt_memcpy_w.o(.text)
    _memcpy_lastbytes_aligned                0x000064d1   Thumb Code     0  rt_memcpy_w.o(.text)
    __user_setup_stackheap                   0x000064ed   Thumb Code    74  sys_stackheap_outer.o(.text)
    exit                                     0x00006537   Thumb Code    18  exit.o(.text)
    __user_libspace                          0x00006549   Thumb Code     8  libspace.o(.text)
    __user_perproc_libspace                  0x00006549   Thumb Code     0  libspace.o(.text)
    __user_perthread_libspace                0x00006549   Thumb Code     0  libspace.o(.text)
    _sys_exit                                0x00006551   Thumb Code     8  sys_exit.o(.text)
    __I$use$semihosting                      0x0000655d   Thumb Code     0  use_no_semi.o(.text)
    __use_no_semihosting_swi                 0x0000655d   Thumb Code     2  use_no_semi.o(.text)
    __semihosting_library_function           0x0000655f   Thumb Code     0  indicate_semi.o(.text)
    _is_digit                                0x0000655f   Thumb Code    14  __printf_wp.o(i._is_digit)
    __aeabi_dadd                             0x0000656d   Thumb Code     0  daddsub_clz.o(x$fpl$dadd)
    _dadd                                    0x0000656d   Thumb Code   332  daddsub_clz.o(x$fpl$dadd)
    __fpl_dcmp_Inf                           0x000066bd   Thumb Code    24  dcmpi.o(x$fpl$dcmpinf)
    __aeabi_ddiv                             0x000066d5   Thumb Code     0  ddiv.o(x$fpl$ddiv)
    _ddiv                                    0x000066d5   Thumb Code   552  ddiv.o(x$fpl$ddiv)
    __aeabi_cdcmpeq                          0x00006985   Thumb Code     0  deqf.o(x$fpl$deqf)
    _dcmpeq                                  0x00006985   Thumb Code   120  deqf.o(x$fpl$deqf)
    __aeabi_d2uiz                            0x000069fd   Thumb Code     0  dfixu.o(x$fpl$dfixu)
    _dfixu                                   0x000069fd   Thumb Code    90  dfixu.o(x$fpl$dfixu)
    __aeabi_i2d                              0x00006a57   Thumb Code     0  dflt_clz.o(x$fpl$dflt)
    _dflt                                    0x00006a57   Thumb Code    46  dflt_clz.o(x$fpl$dflt)
    __aeabi_ui2d                             0x00006a85   Thumb Code     0  dflt_clz.o(x$fpl$dfltu)
    _dfltu                                   0x00006a85   Thumb Code    38  dflt_clz.o(x$fpl$dfltu)
    __aeabi_cdcmple                          0x00006aad   Thumb Code     0  dleqf.o(x$fpl$dleqf)
    _dcmple                                  0x00006aad   Thumb Code   120  dleqf.o(x$fpl$dleqf)
    __fpl_dcmple_InfNaN                      0x00006b0f   Thumb Code     0  dleqf.o(x$fpl$dleqf)
    __aeabi_dmul                             0x00006b25   Thumb Code     0  dmul.o(x$fpl$dmul)
    _dmul                                    0x00006b25   Thumb Code   332  dmul.o(x$fpl$dmul)
    __fpl_dnaninf                            0x00006c79   Thumb Code   156  dnaninf.o(x$fpl$dnaninf)
    __fpl_dretinf                            0x00006d15   Thumb Code    12  dretinf.o(x$fpl$dretinf)
    __aeabi_dsub                             0x00006d21   Thumb Code     0  daddsub_clz.o(x$fpl$dsub)
    _dsub                                    0x00006d21   Thumb Code   464  daddsub_clz.o(x$fpl$dsub)
    __aeabi_f2d                              0x00006ef5   Thumb Code     0  f2d.o(x$fpl$f2d)
    _f2d                                     0x00006ef5   Thumb Code    86  f2d.o(x$fpl$f2d)
    __aeabi_fdiv                             0x00006f4d   Thumb Code     0  fdiv.o(x$fpl$fdiv)
    _fdiv                                    0x00006f4d   Thumb Code   384  fdiv.o(x$fpl$fdiv)
    __aeabi_f2iz                             0x000070d1   Thumb Code     0  ffix.o(x$fpl$ffix)
    _ffix                                    0x000070d1   Thumb Code    54  ffix.o(x$fpl$ffix)
    __aeabi_i2f                              0x00007109   Thumb Code     0  fflt_clz.o(x$fpl$fflt)
    _fflt                                    0x00007109   Thumb Code    48  fflt_clz.o(x$fpl$fflt)
    __aeabi_ui2f                             0x00007139   Thumb Code     0  fflt_clz.o(x$fpl$ffltu)
    _ffltu                                   0x00007139   Thumb Code    38  fflt_clz.o(x$fpl$ffltu)
    __aeabi_fmul                             0x00007161   Thumb Code     0  fmul.o(x$fpl$fmul)
    _fmul                                    0x00007161   Thumb Code   258  fmul.o(x$fpl$fmul)
    __fpl_fnaninf                            0x00007263   Thumb Code   140  fnaninf.o(x$fpl$fnaninf)
    __fpl_fretinf                            0x000072ef   Thumb Code    10  fretinf.o(x$fpl$fretinf)
    __I$use$fp                               0x000072f8   Number         0  usenofp.o(x$fpl$usenofp)
    candy_empty                              0x00007af8   Data          12  my_drawings.o(.constdata)
    candy_full                               0x00008304   Data          12  my_drawings.o(.constdata)
    ball_empty                               0x00008b10   Data          12  my_drawings.o(.constdata)
    ball_full                                0x0000931c   Data          12  my_drawings.o(.constdata)
    normal_1                                 0x0000c514   Data          12  my_drawings.o(.constdata)
    normal_2                                 0x0000f70c   Data          12  my_drawings.o(.constdata)
    normal_3                                 0x00012904   Data          12  my_drawings.o(.constdata)
    ko_1                                     0x00015afc   Data          12  my_drawings.o(.constdata)
    ko_2                                     0x00018cf4   Data          12  my_drawings.o(.constdata)
    ko_3                                     0x0001beec   Data          12  my_drawings.o(.constdata)
    meal_1                                   0x0001f0e4   Data          12  my_drawings.o(.constdata)
    meal_2                                   0x000222dc   Data          12  my_drawings.o(.constdata)
    snack_1                                  0x000254d4   Data          12  my_drawings.o(.constdata)
    snack_2                                  0x000286cc   Data          12  my_drawings.o(.constdata)
    cuddle_1                                 0x0002b8c4   Data          12  my_drawings.o(.constdata)
    cuddle_2                                 0x0002eabc   Data          12  my_drawings.o(.constdata)
    volume_0                                 0x0002ed20   Data          12  my_drawings.o(.constdata)
    volume_033                               0x0002ef84   Data          12  my_drawings.o(.constdata)
    volume_066                               0x0002f1e8   Data          12  my_drawings.o(.constdata)
    volume_100                               0x0002f44c   Data          12  my_drawings.o(.constdata)
    Region$$Table$$Base                      0x0002fa5c   Number         0  anon$$obj.o(Region$$Table)
    Region$$Table$$Limit                     0x0002fa9c   Number         0  anon$$obj.o(Region$$Table)
    SystemFrequency                          0x10000000   Data           4  system_lpc17xx.o(.data)
    display                                  0x10000006   Data           4  touchpanel.o(.data)
    DisplaySample                            0x1000000a   Data          12  touchpanel.o(.data)
    happiness                                0x2007c000   Data           4  irq_timer.o(.data)
    satiety                                  0x2007c004   Data           4  irq_timer.o(.data)
    old_satiety                              0x2007c008   Data           4  irq_timer.o(.data)
    old_happiness                            0x2007c00c   Data           4  irq_timer.o(.data)
    age                                      0x2007c010   Data           4  irq_timer.o(.data)
    reset                                    0x2007c014   Data           4  irq_timer.o(.data)
    n_volume_lines                           0x2007c024   Data           4  irq_timer.o(.data)
    current_volume                           0x2007c028   Data           4  irq_timer.o(.data)
    MealSongNotes                            0x2007c030   Data          20  irq_timer.o(.data)
    MealSongDurations                        0x2007c044   Data          20  irq_timer.o(.data)
    SnackSongNotes                           0x2007c058   Data          20  irq_timer.o(.data)
    SnackSongDurations                       0x2007c06c   Data          20  irq_timer.o(.data)
    DeathSongNotes                           0x2007c080   Data          24  irq_timer.o(.data)
    DeathSongDurations                       0x2007c098   Data          24  irq_timer.o(.data)
    CuddleSongNotes                          0x2007c0b0   Data          16  irq_timer.o(.data)
    CuddleSongDurations                      0x2007c0c0   Data          16  irq_timer.o(.data)
    mealSongIndex                            0x2007c0d0   Data           4  irq_timer.o(.data)
    playingMealSong                          0x2007c0d4   Data           4  irq_timer.o(.data)
    snackSongIndex                           0x2007c0d8   Data           4  irq_timer.o(.data)
    playingSnackSong                         0x2007c0dc   Data           4  irq_timer.o(.data)
    deathSongIndex                           0x2007c0e0   Data           4  irq_timer.o(.data)
    playingDeathSong                         0x2007c0e4   Data           4  irq_timer.o(.data)
    playingCuddleSong                        0x2007c0e8   Data           4  irq_timer.o(.data)
    cuddleSongIndex                          0x2007c0ec   Data           4  irq_timer.o(.data)
    pauseCycles                              0x2007c0f0   Data           4  irq_timer.o(.data)
    n_periods                                0x2007c0f4   Data           4  irq_rit.o(.data)
    period_counter                           0x2007c0f8   Data           4  irq_rit.o(.data)
    volume                                   0x2007c0fc   Data           4  irq_rit.o(.data)
    adjustedValue                            0x2007c100   Data           4  irq_rit.o(.data)
    silent                                   0x2007c104   Data           4  irq_rit.o(.data)
    playing                                  0x2007c108   Data           4  irq_rit.o(.data)
    SinTable                                 0x2007c10c   Data          90  irq_rit.o(.data)
    AD_current                               0x2007c170   Data           2  irq_adc.o(.data)
    AD_last                                  0x2007c172   Data           2  irq_adc.o(.data)
    matrix                                   0x2007c178   Data          56  touchpanel.o(.bss)
    ScreenSample                             0x2007c1b0   Data          12  touchpanel.o(.bss)
    __libspace_start                         0x2007c1bc   Data          96  libspace.o(.bss)
    __temporary_stack_top$libspace           0x2007c21c   Data           0  libspace.o(.bss)



==============================================================================

Memory Map of the image

  Image Entry point : 0x000000cd

  Load Region LR_IROM1 (Base: 0x00000000, Size: 0x0002fc2c, Max: 0x00080000, ABSOLUTE, COMPRESSED[0x0002fb58])

    Execution Region ER_IROM1 (Exec base: 0x00000000, Load base: 0x00000000, Size: 0x0002fa9c, Max: 0x00080000, ABSOLUTE)

    Exec Addr    Load Addr    Size         Type   Attr      Idx    E Section Name        Object

    0x00000000   0x00000000   0x000000cc   Data   RO            3    RESET               startup_lpc17xx.o
    0x000000cc   0x000000cc   0x00000008   Code   RO          594  * !!!main             c_w.l(__main.o)
    0x000000d4   0x000000d4   0x00000034   Code   RO          823    !!!scatter          c_w.l(__scatter.o)
    0x00000108   0x00000108   0x0000005a   Code   RO          821    !!dczerorl2         c_w.l(__dczerorl2.o)
    0x00000162   0x00000162   0x00000002   PAD
    0x00000164   0x00000164   0x0000001a   Code   RO          825    !!handler_copy      c_w.l(__scatter_copy.o)
    0x0000017e   0x0000017e   0x00000002   PAD
    0x00000180   0x00000180   0x0000001c   Code   RO          827    !!handler_zi        c_w.l(__scatter_zi.o)
    0x0000019c   0x0000019c   0x00000000   Code   RO          587    .ARM.Collect$$_printf_percent$$00000000  c_w.l(_printf_percent.o)
    0x0000019c   0x0000019c   0x00000006   Code   RO          586    .ARM.Collect$$_printf_percent$$00000009  c_w.l(_printf_d.o)
    0x000001a2   0x000001a2   0x00000004   Code   RO          649    .ARM.Collect$$_printf_percent$$00000017  c_w.l(_printf_percent_end.o)
    0x000001a6   0x000001a6   0x00000002   Code   RO          689    .ARM.Collect$$libinit$$00000000  c_w.l(libinit.o)
    0x000001a8   0x000001a8   0x00000000   Code   RO          696    .ARM.Collect$$libinit$$00000002  c_w.l(libinit2.o)
    0x000001a8   0x000001a8   0x00000000   Code   RO          698    .ARM.Collect$$libinit$$00000004  c_w.l(libinit2.o)
    0x000001a8   0x000001a8   0x00000000   Code   RO          701    .ARM.Collect$$libinit$$0000000A  c_w.l(libinit2.o)
    0x000001a8   0x000001a8   0x00000000   Code   RO          703    .ARM.Collect$$libinit$$0000000C  c_w.l(libinit2.o)
    0x000001a8   0x000001a8   0x00000000   Code   RO          705    .ARM.Collect$$libinit$$0000000E  c_w.l(libinit2.o)
    0x000001a8   0x000001a8   0x00000000   Code   RO          708    .ARM.Collect$$libinit$$00000011  c_w.l(libinit2.o)
    0x000001a8   0x000001a8   0x00000000   Code   RO          710    .ARM.Collect$$libinit$$00000013  c_w.l(libinit2.o)
    0x000001a8   0x000001a8   0x00000000   Code   RO          712    .ARM.Collect$$libinit$$00000015  c_w.l(libinit2.o)
    0x000001a8   0x000001a8   0x00000000   Code   RO          714    .ARM.Collect$$libinit$$00000017  c_w.l(libinit2.o)
    0x000001a8   0x000001a8   0x00000000   Code   RO          716    .ARM.Collect$$libinit$$00000019  c_w.l(libinit2.o)
    0x000001a8   0x000001a8   0x00000000   Code   RO          718    .ARM.Collect$$libinit$$0000001B  c_w.l(libinit2.o)
    0x000001a8   0x000001a8   0x00000000   Code   RO          720    .ARM.Collect$$libinit$$0000001D  c_w.l(libinit2.o)
    0x000001a8   0x000001a8   0x00000000   Code   RO          722    .ARM.Collect$$libinit$$0000001F  c_w.l(libinit2.o)
    0x000001a8   0x000001a8   0x00000000   Code   RO          724    .ARM.Collect$$libinit$$00000021  c_w.l(libinit2.o)
    0x000001a8   0x000001a8   0x00000000   Code   RO          726    .ARM.Collect$$libinit$$00000023  c_w.l(libinit2.o)
    0x000001a8   0x000001a8   0x00000000   Code   RO          728    .ARM.Collect$$libinit$$00000025  c_w.l(libinit2.o)
    0x000001a8   0x000001a8   0x00000000   Code   RO          732    .ARM.Collect$$libinit$$0000002C  c_w.l(libinit2.o)
    0x000001a8   0x000001a8   0x00000000   Code   RO          734    .ARM.Collect$$libinit$$0000002E  c_w.l(libinit2.o)
    0x000001a8   0x000001a8   0x00000000   Code   RO          736    .ARM.Collect$$libinit$$00000030  c_w.l(libinit2.o)
    0x000001a8   0x000001a8   0x00000000   Code   RO          738    .ARM.Collect$$libinit$$00000032  c_w.l(libinit2.o)
    0x000001a8   0x000001a8   0x00000002   Code   RO          739    .ARM.Collect$$libinit$$00000033  c_w.l(libinit2.o)
    0x000001aa   0x000001aa   0x00000002   Code   RO          759    .ARM.Collect$$libshutdown$$00000000  c_w.l(libshutdown.o)
    0x000001ac   0x000001ac   0x00000000   Code   RO          772    .ARM.Collect$$libshutdown$$00000002  c_w.l(libshutdown2.o)
    0x000001ac   0x000001ac   0x00000000   Code   RO          774    .ARM.Collect$$libshutdown$$00000004  c_w.l(libshutdown2.o)
    0x000001ac   0x000001ac   0x00000000   Code   RO          776    .ARM.Collect$$libshutdown$$00000006  c_w.l(libshutdown2.o)
    0x000001ac   0x000001ac   0x00000000   Code   RO          779    .ARM.Collect$$libshutdown$$00000009  c_w.l(libshutdown2.o)
    0x000001ac   0x000001ac   0x00000000   Code   RO          782    .ARM.Collect$$libshutdown$$0000000C  c_w.l(libshutdown2.o)
    0x000001ac   0x000001ac   0x00000000   Code   RO          784    .ARM.Collect$$libshutdown$$0000000E  c_w.l(libshutdown2.o)
    0x000001ac   0x000001ac   0x00000000   Code   RO          787    .ARM.Collect$$libshutdown$$00000011  c_w.l(libshutdown2.o)
    0x000001ac   0x000001ac   0x00000002   Code   RO          788    .ARM.Collect$$libshutdown$$00000012  c_w.l(libshutdown2.o)
    0x000001ae   0x000001ae   0x00000000   Code   RO          640    .ARM.Collect$$rtentry$$00000000  c_w.l(__rtentry.o)
    0x000001ae   0x000001ae   0x00000000   Code   RO          664    .ARM.Collect$$rtentry$$00000002  c_w.l(__rtentry2.o)
    0x000001ae   0x000001ae   0x00000006   Code   RO          676    .ARM.Collect$$rtentry$$00000004  c_w.l(__rtentry4.o)
    0x000001b4   0x000001b4   0x00000000   Code   RO          666    .ARM.Collect$$rtentry$$00000009  c_w.l(__rtentry2.o)
    0x000001b4   0x000001b4   0x00000004   Code   RO          667    .ARM.Collect$$rtentry$$0000000A  c_w.l(__rtentry2.o)
    0x000001b8   0x000001b8   0x00000000   Code   RO          669    .ARM.Collect$$rtentry$$0000000C  c_w.l(__rtentry2.o)
    0x000001b8   0x000001b8   0x00000008   Code   RO          670    .ARM.Collect$$rtentry$$0000000D  c_w.l(__rtentry2.o)
    0x000001c0   0x000001c0   0x00000002   Code   RO          693    .ARM.Collect$$rtexit$$00000000  c_w.l(rtexit.o)
    0x000001c2   0x000001c2   0x00000000   Code   RO          741    .ARM.Collect$$rtexit$$00000002  c_w.l(rtexit2.o)
    0x000001c2   0x000001c2   0x00000004   Code   RO          742    .ARM.Collect$$rtexit$$00000003  c_w.l(rtexit2.o)
    0x000001c6   0x000001c6   0x00000006   Code   RO          743    .ARM.Collect$$rtexit$$00000004  c_w.l(rtexit2.o)
    0x000001cc   0x000001cc   0x00000034   Code   RO            5    .text               startup_lpc17xx.o
    0x00000200   0x00000200   0x0000009c   Code   RO           16    .text               sample.o
    0x0000029c   0x0000029c   0x00000020   Code   RO          145    .text               audio.o
    0x000002bc   0x000002bc   0x00000020   Code   RO          286    .text               asciilib.o
    0x000002dc   0x000002dc   0x00000006   Code   RO          592    .text               c_w.l(heapauxi.o)
    0x000002e2   0x000002e2   0x0000000a   Code   RO          645    .text               c_w.l(_sputc.o)
    0x000002ec   0x000002ec   0x00000010   Code   RO          647    .text               c_w.l(_snputc.o)
    0x000002fc   0x000002fc   0x00000004   Code   RO            4    .ARM.__at_0x02FC    startup_lpc17xx.o
    0x00000300   0x00000300   0x000000b2   Code   RO           91    .text               my_drawings.o
    0x000003b2   0x000003b2   0x00000002   PAD
    0x000003b4   0x000003b4   0x000007f8   Code   RO          120    .text               gui.o
    0x00000bac   0x00000bac   0x0000022c   Code   RO          177    .text               system_lpc17xx.o
    0x00000dd8   0x00000dd8   0x000004a8   Code   RO          204    .text               irq_timer.o
    0x00001280   0x00001280   0x000000e0   Code   RO          257    .text               lib_timer.o
    0x00001360   0x00001360   0x000040e4   Code   RO          306    .text               glcd.o
    0x00005444   0x00005444   0x00000980   Code   RO          352    .text               touchpanel.o
    0x00005dc4   0x00005dc4   0x0000010c   Code   RO          386    .text               irq_rit.o
    0x00005ed0   0x00005ed0   0x000000c0   Code   RO          420    .text               lib_rit.o
    0x00005f90   0x00005f90   0x00000024   Code   RO          472    .text               lib_joystick.o
    0x00005fb4   0x00005fb4   0x0000004c   Code   RO          496    .text               irq_adc.o
    0x00006000   0x00006000   0x00000098   Code   RO          533    .text               lib_adc.o
    0x00006098   0x00006098   0x00000034   Code   RO          558    .text               c_w.l(noretval__2snprintf.o)
    0x000060cc   0x000060cc   0x0000004e   Code   RO          562    .text               c_w.l(_printf_pad.o)
    0x0000611a   0x0000611a   0x00000002   PAD
    0x0000611c   0x0000611c   0x00000078   Code   RO          564    .text               c_w.l(_printf_dec.o)
    0x00006194   0x00006194   0x00000138   Code   RO          578    .text               c_w.l(__printf_flags_wp.o)
    0x000062cc   0x000062cc   0x0000008a   Code   RO          588    .text               c_w.l(rt_memcpy_v6.o)
    0x00006356   0x00006356   0x0000004e   Code   RO          590    .text               c_w.l(rt_memclr_w.o)
    0x000063a4   0x000063a4   0x000000b2   Code   RO          641    .text               c_w.l(_printf_intcommon.o)
    0x00006456   0x00006456   0x00000002   PAD
    0x00006458   0x00006458   0x00000030   Code   RO          643    .text               c_w.l(_printf_char_common.o)
    0x00006488   0x00006488   0x00000064   Code   RO          650    .text               c_w.l(rt_memcpy_w.o)
    0x000064ec   0x000064ec   0x0000004a   Code   RO          680    .text               c_w.l(sys_stackheap_outer.o)
    0x00006536   0x00006536   0x00000012   Code   RO          682    .text               c_w.l(exit.o)
    0x00006548   0x00006548   0x00000008   Code   RO          690    .text               c_w.l(libspace.o)
    0x00006550   0x00006550   0x0000000c   Code   RO          751    .text               c_w.l(sys_exit.o)
    0x0000655c   0x0000655c   0x00000002   Code   RO          762    .text               c_w.l(use_no_semi.o)
    0x0000655e   0x0000655e   0x00000000   Code   RO          764    .text               c_w.l(indicate_semi.o)
    0x0000655e   0x0000655e   0x0000000e   Code   RO          576    i._is_digit         c_w.l(__printf_wp.o)
    0x0000656c   0x0000656c   0x00000150   Code   RO          596    x$fpl$dadd          fz_ws.l(daddsub_clz.o)
    0x000066bc   0x000066bc   0x00000018   Code   RO          652    x$fpl$dcmpinf       fz_ws.l(dcmpi.o)
    0x000066d4   0x000066d4   0x000002b0   Code   RO          603    x$fpl$ddiv          fz_ws.l(ddiv.o)
    0x00006984   0x00006984   0x00000078   Code   RO          606    x$fpl$deqf          fz_ws.l(deqf.o)
    0x000069fc   0x000069fc   0x0000005a   Code   RO          608    x$fpl$dfixu         fz_ws.l(dfixu.o)
    0x00006a56   0x00006a56   0x0000002e   Code   RO          613    x$fpl$dflt          fz_ws.l(dflt_clz.o)
    0x00006a84   0x00006a84   0x00000026   Code   RO          612    x$fpl$dfltu         fz_ws.l(dflt_clz.o)
    0x00006aaa   0x00006aaa   0x00000002   PAD
    0x00006aac   0x00006aac   0x00000078   Code   RO          618    x$fpl$dleqf         fz_ws.l(dleqf.o)
    0x00006b24   0x00006b24   0x00000154   Code   RO          620    x$fpl$dmul          fz_ws.l(dmul.o)
    0x00006c78   0x00006c78   0x0000009c   Code   RO          654    x$fpl$dnaninf       fz_ws.l(dnaninf.o)
    0x00006d14   0x00006d14   0x0000000c   Code   RO          656    x$fpl$dretinf       fz_ws.l(dretinf.o)
    0x00006d20   0x00006d20   0x000001d4   Code   RO          598    x$fpl$dsub          fz_ws.l(daddsub_clz.o)
    0x00006ef4   0x00006ef4   0x00000056   Code   RO          622    x$fpl$f2d           fz_ws.l(f2d.o)
    0x00006f4a   0x00006f4a   0x00000002   PAD
    0x00006f4c   0x00006f4c   0x00000184   Code   RO          625    x$fpl$fdiv          fz_ws.l(fdiv.o)
    0x000070d0   0x000070d0   0x00000036   Code   RO          628    x$fpl$ffix          fz_ws.l(ffix.o)
    0x00007106   0x00007106   0x00000002   PAD
    0x00007108   0x00007108   0x00000030   Code   RO          633    x$fpl$fflt          fz_ws.l(fflt_clz.o)
    0x00007138   0x00007138   0x00000026   Code   RO          632    x$fpl$ffltu         fz_ws.l(fflt_clz.o)
    0x0000715e   0x0000715e   0x00000002   PAD
    0x00007160   0x00007160   0x00000102   Code   RO          638    x$fpl$fmul          fz_ws.l(fmul.o)
    0x00007262   0x00007262   0x0000008c   Code   RO          658    x$fpl$fnaninf       fz_ws.l(fnaninf.o)
    0x000072ee   0x000072ee   0x0000000a   Code   RO          660    x$fpl$fretinf       fz_ws.l(fretinf.o)
    0x000072f8   0x000072f8   0x00000000   Code   RO          662    x$fpl$usenofp       fz_ws.l(usenofp.o)
    0x000072f8   0x000072f8   0x00028160   Data   RO           92    .constdata          my_drawings.o
    0x0002f458   0x0002f458   0x000005f0   Data   RO          287    .constdata          asciilib.o
    0x0002fa48   0x0002fa48   0x00000011   Data   RO          579    .constdata          c_w.l(__printf_flags_wp.o)
    0x0002fa59   0x0002fa59   0x00000003   PAD
    0x0002fa5c   0x0002fa5c   0x00000040   Data   RO          819    Region$$Table       anon$$obj.o


    Execution Region RW_IRAM1 (Exec base: 0x10000000, Load base: 0x0002fa9c, Size: 0x00000220, Max: 0x00008000, ABSOLUTE)

    Exec Addr    Load Addr    Size         Type   Attr      Idx    E Section Name        Object

    0x10000000   0x0002fa9c   0x00000004   Data   RW          178    .data               system_lpc17xx.o
    0x10000004   0x0002faa0   0x00000001   Data   RW          307    .data               glcd.o
    0x10000005   0x0002faa1   0x00000001   PAD
    0x10000006   0x0002faa2   0x00000014   Data   RW          354    .data               touchpanel.o
    0x1000001a   0x0002fab6   0x00000006   PAD
    0x10000020        -       0x00000200   Zero   RW            1    STACK               startup_lpc17xx.o


    Execution Region RW_IRAM2 (Exec base: 0x2007c000, Load base: 0x0002fab8, Size: 0x00000220, Max: 0x00008000, ABSOLUTE, COMPRESSED[0x000000a0])

    Exec Addr    Load Addr    Size         Type   Attr      Idx    E Section Name        Object

    0x2007c000   COMPRESSED   0x000000f4   Data   RW          205    .data               irq_timer.o
    0x2007c0f4   COMPRESSED   0x0000007c   Data   RW          387    .data               irq_rit.o
    0x2007c170   COMPRESSED   0x00000004   Data   RW          497    .data               irq_adc.o
    0x2007c174   COMPRESSED   0x00000004   PAD
    0x2007c178        -       0x00000044   Zero   RW          353    .bss                touchpanel.o
    0x2007c1bc        -       0x00000060   Zero   RW          691    .bss                c_w.l(libspace.o)
    0x2007c21c   COMPRESSED   0x00000004   PAD
    0x2007c220        -       0x00000000   Zero   RW            2    HEAP                startup_lpc17xx.o


==============================================================================

Image component sizes


      Code (inc. data)   RO Data    RW Data    ZI Data      Debug   Object Name

        32          6       1520          0          0       1115   asciilib.o
        32          0          0          0          0        575   audio.o
     16612        104          0          1          0      40179   glcd.o
      2040        170          0          0          0       3182   gui.o
        76         18          0          4          0        766   irq_adc.o
       268         46          0        124          0       2244   irq_rit.o
      1192        150          0        244          0      20577   irq_timer.o
       152         26          0          0          0        880   lib_adc.o
        36         10          0          0          0        456   lib_joystick.o
       192         22          0          0          0      27571   lib_rit.o
       224         12          0          0          0       1604   lib_timer.o
       178          0     164192          0          0       3968   my_drawings.o
       156         22          0          0          0       5027   sample.o
        56         22        204          0        512       1064   startup_lpc17xx.o
       556         30          0          4          0        875   system_lpc17xx.o
      2432         72          0         20         68       6274   touchpanel.o

    ----------------------------------------------------------------------
     24236        710     165980        400        588     116357   Object Totals
         0          0         64          0          0          0   (incl. Generated)
         2          0          0          3          8          0   (incl. Padding)

    ----------------------------------------------------------------------

      Code (inc. data)   RO Data    RW Data    ZI Data      Debug   Library Member Name

        90          0          0          0          0          0   __dczerorl2.o
         8          0          0          0          0         68   __main.o
       312          4         17          0          0         92   __printf_flags_wp.o
        14          0          0          0          0         68   __printf_wp.o
         0          0          0          0          0          0   __rtentry.o
        12          0          0          0          0          0   __rtentry2.o
         6          0          0          0          0          0   __rtentry4.o
        52          8          0          0          0          0   __scatter.o
        26          0          0          0          0          0   __scatter_copy.o
        28          0          0          0          0          0   __scatter_zi.o
        48          6          0          0          0         96   _printf_char_common.o
         6          0          0          0          0          0   _printf_d.o
       120         16          0          0          0         92   _printf_dec.o
       178          0          0          0          0         88   _printf_intcommon.o
        78          0          0          0          0        108   _printf_pad.o
         0          0          0          0          0          0   _printf_percent.o
         4          0          0          0          0          0   _printf_percent_end.o
        16          0          0          0          0         68   _snputc.o
        10          0          0          0          0         68   _sputc.o
        18          0          0          0          0         80   exit.o
         6          0          0          0          0        152   heapauxi.o
         0          0          0          0          0          0   indicate_semi.o
         2          0          0          0          0          0   libinit.o
         2          0          0          0          0          0   libinit2.o
         2          0          0          0          0          0   libshutdown.o
         2          0          0          0          0          0   libshutdown2.o
         8          4          0          0         96         68   libspace.o
        52          4          0          0          0         84   noretval__2snprintf.o
        78          0          0          0          0         80   rt_memclr_w.o
       138          0          0          0          0         68   rt_memcpy_v6.o
       100          0          0          0          0         80   rt_memcpy_w.o
         2          0          0          0          0          0   rtexit.o
        10          0          0          0          0          0   rtexit2.o
        12          4          0          0          0         68   sys_exit.o
        74          0          0          0          0         80   sys_stackheap_outer.o
         2          0          0          0          0         68   use_no_semi.o
       804         16          0          0          0        272   daddsub_clz.o
        24          0          0          0          0         68   dcmpi.o
       688        140          0          0          0        208   ddiv.o
       120          4          0          0          0         92   deqf.o
        90          4          0          0          0         92   dfixu.o
        84          0          0          0          0        136   dflt_clz.o
       120          4          0          0          0         92   dleqf.o
       340         12          0          0          0        104   dmul.o
       156          4          0          0          0         92   dnaninf.o
        12          0          0          0          0         68   dretinf.o
        86          4          0          0          0         84   f2d.o
       388         76          0          0          0         96   fdiv.o
        54          4          0          0          0         84   ffix.o
        86          0          0          0          0        136   fflt_clz.o
       258          4          0          0          0         84   fmul.o
       140          4          0          0          0         84   fnaninf.o
        10          0          0          0          0         68   fretinf.o
         0          0          0          0          0          0   usenofp.o

    ----------------------------------------------------------------------
      4992        322         20          0        100       3436   Library Totals
        16          0          3          0          4          0   (incl. Padding)

    ----------------------------------------------------------------------

      Code (inc. data)   RO Data    RW Data    ZI Data      Debug   Library Name

      1516         46         17          0         96       1576   c_w.l
      3460        276          0          0          0       1860   fz_ws.l

    ----------------------------------------------------------------------
      4992        322         20          0        100       3436   Library Totals

    ----------------------------------------------------------------------

==============================================================================


      Code (inc. data)   RO Data    RW Data    ZI Data      Debug   

     29228       1032     166000        400        688     117049   Grand Totals
     29228       1032     166000        188        688     117049   ELF Image Totals (compressed)
     29228       1032     166000        188          0          0   ROM Totals

==============================================================================

    Total RO  Size (Code + RO Data)               195228 ( 190.65kB)
    Total RW  Size (RW Data + ZI Data)              1088 (   1.06kB)
    Total ROM Size (Code + RO Data + RW Data)     195416 ( 190.84kB)

==============================================================================

